Archive member included to satisfy reference by file (symbol)

app/libapp.a(main.c.obj)      (--whole-archive)
app/libapp.a(sensor_thread.c.obj)
                              (--whole-archive)
zephyr/libzephyr.a(validate_libc.c.obj)
                              (--whole-archive)
zephyr/libzephyr.a(heap.c.obj)
                              (--whole-archive)
zephyr/libzephyr.a(cbprintf_packaged.c.obj)
                              (--whole-archive)
zephyr/libzephyr.a(clock.c.obj)
                              (--whole-archive)
zephyr/libzephyr.a(printk.c.obj)
                              (--whole-archive)
zephyr/libzephyr.a(sem.c.obj)
                              (--whole-archive)
zephyr/libzephyr.a(thread_entry.c.obj)
                              (--whole-archive)
zephyr/libzephyr.a(cbprintf_complete.c.obj)
                              (--whole-archive)
zephyr/libzephyr.a(assert.c.obj)
                              (--whole-archive)
zephyr/libzephyr.a(mpsc_pbuf.c.obj)
                              (--whole-archive)
zephyr/libzephyr.a(dec.c.obj)
                              (--whole-archive)
zephyr/libzephyr.a(hex.c.obj)
                              (--whole-archive)
zephyr/libzephyr.a(rb.c.obj)  (--whole-archive)
zephyr/libzephyr.a(timeutil.c.obj)
                              (--whole-archive)
zephyr/libzephyr.a(bitarray.c.obj)
                              (--whole-archive)
zephyr/libzephyr.a(bitmask.c.obj)
                              (--whole-archive)
zephyr/libzephyr.a(ring_buffer.c.obj)
                              (--whole-archive)
zephyr/libzephyr.a(last_section_id.c.obj)
                              (--whole-archive)
zephyr/libzephyr.a(configs.c.obj)
                              (--whole-archive)
zephyr/libzephyr.a(stm32cube_hal.c.obj)
                              (--whole-archive)
zephyr/libzephyr.a(soc_config.c.obj)
                              (--whole-archive)
zephyr/libzephyr.a(stm32_backup_domain.c.obj)
                              (--whole-archive)
zephyr/libzephyr.a(soc.c.obj)
                              (--whole-archive)
zephyr/libzephyr.a(log_core.c.obj)
                              (--whole-archive)
zephyr/libzephyr.a(log_mgmt.c.obj)
                              (--whole-archive)
zephyr/libzephyr.a(log_cache.c.obj)
                              (--whole-archive)
zephyr/libzephyr.a(log_msg.c.obj)
                              (--whole-archive)
zephyr/libzephyr.a(log_output.c.obj)
                              (--whole-archive)
zephyr/libzephyr.a(log_backend_uart.c.obj)
                              (--whole-archive)
zephyr/libzephyr.a(mem_attr.c.obj)
                              (--whole-archive)
zephyr/libzephyr.a(tracing_none.c.obj)
                              (--whole-archive)
zephyr/arch/common/libarch__common.a(sw_isr_common.c.obj)
                              (--whole-archive)
zephyr/arch/common/libarch__common.a(init.c.obj)
                              (--whole-archive)
zephyr/arch/common/libarch__common.a(xip.c.obj)
                              (--whole-archive)
zephyr/arch/arch/arm/core/libarch__arm__core.a(fatal.c.obj)
                              (--whole-archive)
zephyr/arch/arch/arm/core/libarch__arm__core.a(nmi.c.obj)
                              (--whole-archive)
zephyr/arch/arch/arm/core/libarch__arm__core.a(nmi_on_reset.S.obj)
                              (--whole-archive)
zephyr/arch/arch/arm/core/libarch__arm__core.a(tls.c.obj)
                              (--whole-archive)
zephyr/arch/arch/arm/core/cortex_m/libarch__arm__core__cortex_m.a(exc_exit.c.obj)
                              (--whole-archive)
zephyr/arch/arch/arm/core/cortex_m/libarch__arm__core__cortex_m.a(fault.c.obj)
                              (--whole-archive)
zephyr/arch/arch/arm/core/cortex_m/libarch__arm__core__cortex_m.a(fault_s.S.obj)
                              (--whole-archive)
zephyr/arch/arch/arm/core/cortex_m/libarch__arm__core__cortex_m.a(fpu.c.obj)
                              (--whole-archive)
zephyr/arch/arch/arm/core/cortex_m/libarch__arm__core__cortex_m.a(reset.S.obj)
                              (--whole-archive)
zephyr/arch/arch/arm/core/cortex_m/libarch__arm__core__cortex_m.a(scb.c.obj)
                              (--whole-archive)
zephyr/arch/arch/arm/core/cortex_m/libarch__arm__core__cortex_m.a(thread_abort.c.obj)
                              (--whole-archive)
zephyr/arch/arch/arm/core/cortex_m/libarch__arm__core__cortex_m.a(vector_table.S.obj)
                              (--whole-archive)
zephyr/arch/arch/arm/core/cortex_m/libarch__arm__core__cortex_m.a(swap_helper.S.obj)
                              (--whole-archive)
zephyr/arch/arch/arm/core/cortex_m/libarch__arm__core__cortex_m.a(irq_manage.c.obj)
                              (--whole-archive)
zephyr/arch/arch/arm/core/cortex_m/libarch__arm__core__cortex_m.a(prep_c.c.obj)
                              (--whole-archive)
[...]
Memory Configuration

Name             Origin             Length             Attributes
FLASH            0x0000000008000000 0x0000000000040000 xr
RAM              0x0000000020000000 0x0000000000010000 xw
SRAM0            0x0000000020000000 0x0000000000010000 rw
IDT_LIST         0x00000000ffff7fff 0x0000000000008000 xw
*default*        0x0000000000000000 0xffffffffffffffff

Linker script and memory map

                0x0000000008007374                vfprintf = __d_vfprintf
                0x0000000000000000                vfscanf = __d_vfscanf
LOAD zephyr/CMakeFiles/zephyr_pre0.dir/misc/empty_file.c.obj
LOAD zephyr/CMakeFiles/offsets.dir/./arch/arm/core/offsets/offsets.c.obj
LOAD app/libapp.a
LOAD zephyr/libzephyr.a
LOAD zephyr/arch/common/libarch__common.a
LOAD zephyr/arch/arch/arm/core/libarch__arm__core.a
LOAD zephyr/arch/arch/arm/core/cortex_m/libarch__arm__core__cortex_m.a
LOAD zephyr/arch/arch/arm/core/mpu/libarch__arm__core__mpu.a
LOAD zephyr/lib/libc/picolibc/liblib__libc__picolibc.a
LOAD zephyr/lib/libc/common/liblib__libc__common.a
LOAD zephyr/lib/posix/c_lib_ext/liblib__posix__c_lib_ext.a
LOAD zephyr/drivers/interrupt_controller/libdrivers__interrupt_controller.a
LOAD zephyr/drivers/adc/libdrivers__adc.a
LOAD zephyr/drivers/clock_control/libdrivers__clock_control.a
LOAD zephyr/drivers/console/libdrivers__console.a
LOAD zephyr/drivers/gpio/libdrivers__gpio.a
LOAD zephyr/drivers/i2c/libdrivers__i2c.a
LOAD zephyr/drivers/pinctrl/libdrivers__pinctrl.a
LOAD zephyr/drivers/reset/libdrivers__reset.a
LOAD zephyr/drivers/serial/libdrivers__serial.a
LOAD zephyr/drivers/timer/libdrivers__timer.a
LOAD modules/hal_stm32/stm32cube/lib..__modules__hal__stm32__stm32cube.a
LOAD zephyr/kernel/libkernel.a
LOAD zephyr/arch/common/libisr_tables.a
LOAD c:\users\javi\zephyr-sdk-0.17.4\arm-zephyr-eabi\bin\../lib/gcc/../../picolibc/arm-zephyr-eabi/lib/thumb/v7e-m/nofp\libc.a
LOAD c:/users/javi/zephyr-sdk-0.17.4/arm-zephyr-eabi/bin/../lib/gcc/arm-zephyr-eabi/12.2.0/thumb/v7e-m/nofp\libgcc.a
                0x0000000000000020                _region_min_align = 0x20

.rel.plt        0x0000000008000000        0x0
 *(SORT_BY_ALIGNMENT(.rel.plt))
                [!provide]                        PROVIDE (__rel_iplt_start = .)
 *(SORT_BY_ALIGNMENT(.rel.iplt))
 .rel.iplt      0x0000000008000000        0x0 app/libapp.a(main.c.obj)
                [!provide]                        PROVIDE (__rel_iplt_end = .)

.rela.plt       0x0000000000000000        0x0
 *(SORT_BY_ALIGNMENT(.rela.plt))
                [!provide]                        PROVIDE (__rela_iplt_start = .)
 *(SORT_BY_ALIGNMENT(.rela.iplt))
                [!provide]                        PROVIDE (__rela_iplt_end = .)

.rel.dyn
 *(SORT_BY_ALIGNMENT(.rel.*))

.rela.dyn
 *(SORT_BY_ALIGNMENT(.rela.*))

/DISCARD/
 *(SORT_BY_ALIGNMENT(.plt))

/DISCARD/
 *(SORT_BY_ALIGNMENT(.iplt))
                0x0000000008000000                __rom_region_start = 0x8000000

rom_start       0x0000000008000000      0x138
                0x0000000008000000                __rom_start_address = .
 FILL mask 0x00
                0x0000000008000000                . = (. + (0x0 - (. - __rom_start_address)))
                0x0000000008000000                . = ALIGN (0x4)
                0x0000000008000000                . = ALIGN (0x80)
                0x0000000008000000                . = ALIGN (0x200)
                0x0000000008000000                _vector_start = .
 *(SORT_BY_ALIGNMENT(.exc_vector_table))
 *(SORT_BY_ALIGNMENT(.exc_vector_table.*))
 .exc_vector_table._vector_table_section
                0x0000000008000000       0x40 zephyr/arch/arch/arm/core/cortex_m/libarch__arm__core__cortex_m.a(vector_table.S.obj)
                0x0000000008000000                _vector_table
 *(SORT_BY_ALIGNMENT(.vectors))
                0x0000000008000138                _vector_end = .
                0x0000000008000040                . = ALIGN (0x4)
 *(SORT_BY_ALIGNMENT(.gnu.linkonce.irq_vector_table*))
 .gnu.linkonce.irq_vector_table
                0x0000000008000040       0xf8 zephyr/arch/common/libisr_tables.a(isr_tables.c.obj)
                0x0000000008000040                _irq_vector_table
                0x0000000008000138                _vector_end = .

text            0x0000000008000138     0xa32c
                0x0000000008000138                __text_region_start = .
 *(SORT_BY_ALIGNMENT(.text))
 .text          0x0000000008000138      0x378 c:/users/javi/zephyr-sdk-0.17.4/arm-zephyr-eabi/bin/../lib/gcc/arm-zephyr-eabi/12.2.0/thumb/v7e-m/nofp\libgcc.a(_arm_addsubdf3.o)
                0x0000000008000138                __aeabi_drsub
                0x0000000008000140                __aeabi_dsub
                0x0000000008000140                __subdf3
                0x0000000008000144                __aeabi_dadd
                0x0000000008000144                __adddf3
                0x00000000080003bc                __floatunsidf
                0x00000000080003bc                __aeabi_ui2d
                0x00000000080003dc                __floatsidf
                0x00000000080003dc                __aeabi_i2d
                0x0000000008000400                __aeabi_f2d
                0x0000000008000400                __extendsfdf2
                0x0000000008000444                __floatundidf
                0x0000000008000444                __aeabi_ul2d
                0x0000000008000454                __floatdidf
                0x0000000008000454                __aeabi_l2d
 .text          0x00000000080004b0      0x424 c:/users/javi/zephyr-sdk-0.17.4/arm-zephyr-eabi/bin/../lib/gcc/arm-zephyr-eabi/12.2.0/thumb/v7e-m/nofp\libgcc.a(_arm_muldivdf3.o)
                0x00000000080004b0                __aeabi_dmul
                0x00000000080004b0                __muldf3
                0x0000000008000704                __divdf3
                0x0000000008000704                __aeabi_ddiv
 .text          0x00000000080008d4      0x110 c:/users/javi/zephyr-sdk-0.17.4/arm-zephyr-eabi/bin/../lib/gcc/arm-zephyr-eabi/12.2.0/thumb/v7e-m/nofp\libgcc.a(_arm_cmpdf2.o)
                0x00000000080008d4                __gtdf2
                0x00000000080008d4                __gedf2
                0x00000000080008dc                __ltdf2
                0x00000000080008dc                __ledf2
                0x00000000080008e4                __nedf2
                0x00000000080008e4                __eqdf2
                0x00000000080008e4                __cmpdf2
                0x0000000008000960                __aeabi_cdrcmple
                0x0000000008000970                __aeabi_cdcmpeq
                0x0000000008000970                __aeabi_cdcmple
                0x0000000008000980                __aeabi_dcmpeq
                0x0000000008000994                __aeabi_dcmplt
                0x00000000080009a8                __aeabi_dcmple
                0x00000000080009bc                __aeabi_dcmpge
                0x00000000080009d0                __aeabi_dcmpgt
 .text          0x00000000080009e4      0x21c c:/users/javi/zephyr-sdk-0.17.4/arm-zephyr-eabi/bin/../lib/gcc/arm-zephyr-eabi/12.2.0/thumb/v7e-m/nofp\libgcc.a(_arm_addsubsf3.o)
                0x00000000080009e4                __aeabi_frsub
                0x00000000080009ec                __subsf3
                0x00000000080009ec                __aeabi_fsub
                0x00000000080009f0                __aeabi_fadd
                0x00000000080009f0                __addsf3
                0x0000000008000b50                __aeabi_ui2f
                0x0000000008000b50                __floatunsisf
                0x0000000008000b58                __aeabi_i2f
                0x0000000008000b58                __floatsisf
                0x0000000008000b74                __aeabi_ul2f
                0x0000000008000b74                __floatundisf
                0x0000000008000b84                __aeabi_l2f
                0x0000000008000b84                __floatdisf
 .text          0x0000000008000c00      0x2a0 c:/users/javi/zephyr-sdk-0.17.4/arm-zephyr-eabi/bin/../lib/gcc/arm-zephyr-eabi/12.2.0/thumb/v7e-m/nofp\libgcc.a(_arm_muldivsf3.o)
                0x0000000008000c00                __mulsf3
                0x0000000008000c00                __aeabi_fmul
                0x0000000008000d68                __aeabi_fdiv
                0x0000000008000d68                __divsf3
 .text          0x0000000008000ea0       0xec c:/users/javi/zephyr-sdk-0.17.4/arm-zephyr-eabi/bin/../lib/gcc/arm-zephyr-eabi/12.2.0/thumb/v7e-m/nofp\libgcc.a(_arm_cmpsf2.o)
                0x0000000008000ea0                __gesf2
                0x0000000008000ea0                __gtsf2
                0x0000000008000ea8                __lesf2
                0x0000000008000ea8                __ltsf2
                0x0000000008000eb0                __nesf2
                0x0000000008000eb0                __eqsf2
                0x0000000008000eb0                __cmpsf2
                0x0000000008000f10                __aeabi_cfrcmple
                0x0000000008000f18                __aeabi_cfcmpeq
                0x0000000008000f18                __aeabi_cfcmple
                0x0000000008000f28                __aeabi_fcmpeq
                0x0000000008000f3c                __aeabi_fcmplt
                0x0000000008000f50                __aeabi_fcmple
                0x0000000008000f64                __aeabi_fcmpge
                0x0000000008000f78                __aeabi_fcmpgt
 .text          0x0000000008000f8c       0x4c c:/users/javi/zephyr-sdk-0.17.4/arm-zephyr-eabi/bin/../lib/gcc/arm-zephyr-eabi/12.2.0/thumb/v7e-m/nofp\libgcc.a(_arm_fixsfsi.o)
                0x0000000008000f8c                __aeabi_f2iz
                0x0000000008000f8c                __fixsfsi
 .text          0x0000000008000fd8       0x30 c:/users/javi/zephyr-sdk-0.17.4/arm-zephyr-eabi/bin/../lib/gcc/arm-zephyr-eabi/12.2.0/thumb/v7e-m/nofp\libgcc.a(_aeabi_uldivmod.o)
                0x0000000008000fd8                __aeabi_uldivmod
 .text          0x0000000008001008        0x4 c:/users/javi/zephyr-sdk-0.17.4/arm-zephyr-eabi/bin/../lib/gcc/arm-zephyr-eabi/12.2.0/thumb/v7e-m/nofp\libgcc.a(_dvmd_tls.o)
                0x0000000008001008                __aeabi_idiv0
                0x0000000008001008                __aeabi_ldiv0
 .text          0x000000000800100c       0x10 c:\users\javi\zephyr-sdk-0.17.4\arm-zephyr-eabi\bin\../lib/gcc/../../picolibc/arm-zephyr-eabi/lib/thumb/v7e-m/nofp\libc.a(strlen.S.o)
                0x000000000800100c                strlen
 .text          0x000000000800101c       0x26 c:/users/javi/zephyr-sdk-0.17.4/arm-zephyr-eabi/bin/../lib/gcc/arm-zephyr-eabi/12.2.0/thumb/v7e-m/nofp\libgcc.a(_popcountsi2.o)
                0x000000000800101c                __popcountsi2
 .text          0x0000000008001042      0x2a0 c:/users/javi/zephyr-sdk-0.17.4/arm-zephyr-eabi/bin/../lib/gcc/arm-zephyr-eabi/12.2.0/thumb/v7e-m/nofp\libgcc.a(_udivmoddi4.o)
                0x0000000008001042                __udivmoddi4
 *(SORT_BY_ALIGNMENT(.text.*))
 *fill*         0x00000000080012e2        0x2 
 .text.hourly_stats_handler
                0x00000000080012e4        0xc app/libapp.a(main.c.obj)
 .text.read_ticker_handler
                0x00000000080012f0        0xc app/libapp.a(main.c.obj)
                0x00000000080012f0                read_ticker_handler
 .text.measure_ticker_handler
                0x00000000080012fc        0xc app/libapp.a(main.c.obj)
                0x00000000080012fc                measure_ticker_handler
 .text.button_isr
                0x0000000008001308        0xc app/libapp.a(main.c.obj)
 .text.nmea_to_degrees
                0x0000000008001314       0xe0 app/libapp.a(main.c.obj)
 .text.reset_all_stats
                0x00000000080013f4       0xb0 app/libapp.a(main.c.obj)
 .text.bus_out_init
                0x00000000080014a4       0x50 app/libapp.a(main.c.obj)
                0x00000000080014a4                bus_out_init
 .text.bus_out_write
                0x00000000080014f4       0x3c app/libapp.a(main.c.obj)
                0x00000000080014f4                bus_out_write
 .text.main     0x0000000008001530      0xb74 app/libapp.a(main.c.obj)
                0x0000000008001530                main
 .text.tcs_write8
                0x00000000080020a4       0x24 app/libapp.a(sensor_thread.c.obj)
 .text.gps_uart_isr
                0x00000000080020c8       0xb8 app/libapp.a(sensor_thread.c.obj)
 .text.tcs_read16
                0x0000000008002180       0x4c app/libapp.a(sensor_thread.c.obj)
 .text.si7021_read16
                0x00000000080021cc       0x3c app/libapp.a(sensor_thread.c.obj)
 .text.mma_read
                0x0000000008002208       0x38 app/libapp.a(sensor_thread.c.obj)
 .text.sensor_thread_measure
                0x0000000008002240       0x2c app/libapp.a(sensor_thread.c.obj)
                0x0000000008002240                sensor_thread_measure
 .text.sensor_thread_try_get
                0x000000000800226c       0x48 app/libapp.a(sensor_thread.c.obj)
                0x000000000800226c                sensor_thread_try_get
 .text.read_adc_raw
                0x00000000080022b4       0x70 app/libapp.a(sensor_thread.c.obj)
                0x00000000080022b4                read_adc_raw
 .text.sensor_entry
                0x0000000008002324      0x464 app/libapp.a(sensor_thread.c.obj)
 .text.sensor_thread_start
                0x0000000008002788       0x68 app/libapp.a(sensor_thread.c.obj)
                0x0000000008002788                sensor_thread_start
 .text.cbvprintf_package
                0x00000000080027f0      0x3a4 zephyr/libzephyr.a(cbprintf_packaged.c.obj)
                0x00000000080027f0                cbvprintf_package
 .text.cbprintf_package_convert
                0x0000000008002b94      0x3cc zephyr/libzephyr.a(cbprintf_packaged.c.obj)
                0x0000000008002b94                cbprintf_package_convert
 .text.__printk_hook_install
                0x0000000008002f60        0xc zephyr/libzephyr.a(printk.c.obj)
                0x0000000008002f60                __printk_hook_install
 .text.z_thread_entry
                0x0000000008002f6c       0x34 zephyr/libzephyr.a(thread_entry.c.obj)
                0x0000000008002f6c                z_thread_entry
 .text.st_stm32_common_config
                0x0000000008002fa0       0x14 zephyr/libzephyr.a(soc_config.c.obj)
 .text.stm32_backup_domain_enable_access
                0x0000000008002fb4       0x3c zephyr/libzephyr.a(stm32_backup_domain.c.obj)
                0x0000000008002fb4                stm32_backup_domain_enable_access
 .text.stm32_backup_domain_disable_access
                0x0000000008002ff0       0x74 zephyr/libzephyr.a(stm32_backup_domain.c.obj)
                0x0000000008002ff0                stm32_backup_domain_disable_access
 .text.soc_early_init_hook
                0x0000000008003064       0x30 zephyr/libzephyr.a(soc.c.obj)
                0x0000000008003064                soc_early_init_hook
 .text.activate_foreach_backend
                0x0000000008003094       0x64 zephyr/libzephyr.a(log_core.c.obj)
 .text.enable_logger
                0x00000000080030f8       0x5c zephyr/libzephyr.a(log_core.c.obj)
 .text.log_process_thread_timer_expiry_fn
                0x0000000008003154        0xc zephyr/libzephyr.a(log_core.c.obj)
 .text.z_log_init
                0x0000000008003160       0x94 zephyr/libzephyr.a(log_core.c.obj)
 .text.log_format_func_t_get
                0x00000000080031f4        0xc zephyr/libzephyr.a(log_core.c.obj)
                0x00000000080031f4                log_format_func_t_get
 .text.log_set_timestamp_func
                0x0000000008003200       0x20 zephyr/libzephyr.a(log_core.c.obj)
                0x0000000008003200                log_set_timestamp_func
 .text.z_log_notify_backend_enabled
                0x0000000008003220       0x1c zephyr/libzephyr.a(log_core.c.obj)
                0x0000000008003220                z_log_notify_backend_enabled
 .text.z_log_dropped
                0x000000000800323c       0x44 zephyr/libzephyr.a(log_core.c.obj)
                0x000000000800323c                z_log_dropped
 .text.z_log_dropped_read_and_clear
                0x0000000008003280       0x20 zephyr/libzephyr.a(log_core.c.obj)
                0x0000000008003280                z_log_dropped_read_and_clear
 .text.dropped_notify
                0x00000000080032a0       0x30 zephyr/libzephyr.a(log_core.c.obj)
                0x00000000080032a0                dropped_notify
 .text.z_log_msg_init
                0x00000000080032d0       0x20 zephyr/libzephyr.a(log_core.c.obj)
                0x00000000080032d0                z_log_msg_init
 .text.log_core_init
                0x00000000080032f0       0x50 zephyr/libzephyr.a(log_core.c.obj)
                0x00000000080032f0                log_core_init
 .text.z_log_msg_alloc
                0x0000000008003340       0x10 zephyr/libzephyr.a(log_core.c.obj)
                0x0000000008003340                z_log_msg_alloc
 .text.z_log_msg_local_claim
                0x0000000008003350        0xc zephyr/libzephyr.a(log_core.c.obj)
                0x0000000008003350                z_log_msg_local_claim
 .text.z_log_msg_free
                0x000000000800335c       0x10 zephyr/libzephyr.a(log_core.c.obj)
                0x000000000800335c                z_log_msg_free
 .text.z_log_msg_pending
                0x000000000800336c        0xc zephyr/libzephyr.a(log_core.c.obj)
                0x000000000800336c                z_log_msg_pending
 .text.z_impl_log_process
                0x0000000008003378       0xb4 zephyr/libzephyr.a(log_core.c.obj)
                0x0000000008003378                z_impl_log_process
 .text.z_impl_log_panic
                0x000000000800342c       0x44 zephyr/libzephyr.a(log_core.c.obj)
                0x000000000800342c                z_impl_log_panic
 .text.log_process_thread_func
                0x0000000008003470       0xa4 zephyr/libzephyr.a(log_core.c.obj)
 .text.z_log_msg_post_finalize
                0x0000000008003514       0x78 zephyr/libzephyr.a(log_core.c.obj)
 .text.z_log_msg_commit
                0x000000000800358c       0x24 zephyr/libzephyr.a(log_core.c.obj)
                0x000000000800358c                z_log_msg_commit
 .text.log_source_name_get
                0x00000000080035b0       0x1c zephyr/libzephyr.a(log_mgmt.c.obj)
                0x00000000080035b0                log_source_name_get
 .text.z_impl_z_log_msg_static_create
                0x00000000080035cc      0x108 zephyr/libzephyr.a(log_msg.c.obj)
                0x00000000080035cc                z_impl_z_log_msg_static_create
 .text.z_log_msg_runtime_vcreate
                0x00000000080036d4       0xa0 zephyr/libzephyr.a(log_msg.c.obj)
                0x00000000080036d4                z_log_msg_runtime_vcreate
 .text.log_msg_get_source_id
                0x0000000008003774       0x18 zephyr/libzephyr.a(log_msg.c.obj)
                0x0000000008003774                log_msg_get_source_id
 .text.print_formatted
                0x000000000800378c       0x24 zephyr/libzephyr.a(log_output.c.obj)
 .text.newline_print
                0x00000000080037b0       0x1c zephyr/libzephyr.a(log_output.c.obj)
 .text.log_output_process
                0x00000000080037cc      0x2d4 zephyr/libzephyr.a(log_output.c.obj)
                0x00000000080037cc                log_output_process
 .text.log_output_dropped_process
                0x0000000008003aa0       0x58 zephyr/libzephyr.a(log_output.c.obj)
                0x0000000008003aa0                log_output_dropped_process
 .text.log_output_timestamp_freq_set
                0x0000000008003af8       0x2c zephyr/libzephyr.a(log_output.c.obj)
                0x0000000008003af8                log_output_timestamp_freq_set
 .text.char_out
                0x0000000008003b24       0x24 zephyr/libzephyr.a(log_backend_uart.c.obj)
 .text.mem_attr_get_regions
                0x0000000008003b48        0xc zephyr/libzephyr.a(mem_attr.c.obj)
                0x0000000008003b48                mem_attr_get_regions
 .text.arch_bss_zero
                0x0000000008003b54       0x18 zephyr/arch/common/libarch__common.a(init.c.obj)
                0x0000000008003b54                arch_bss_zero
 .text.arch_data_copy
                0x0000000008003b6c       0x38 zephyr/arch/common/libarch__common.a(xip.c.obj)
                0x0000000008003b6c                arch_data_copy
 .text.z_arm_fatal_error
                0x0000000008003ba4       0xb8 zephyr/arch/arch/arm/core/libarch__arm__core.a(fatal.c.obj)
                0x0000000008003ba4                z_arm_fatal_error
 .text.z_SysNmiOnReset
                0x0000000008003c5c        0x8 zephyr/arch/arch/arm/core/libarch__arm__core.a(nmi_on_reset.S.obj)
                0x0000000008003c5c                z_SysNmiOnReset
 .text.arch_tls_stack_setup
                0x0000000008003c64       0x40 zephyr/arch/arch/arm/core/libarch__arm__core.a(tls.c.obj)
                0x0000000008003c64                arch_tls_stack_setup
 .text._HandlerModeExit
                0x0000000008003ca4       0x20 zephyr/arch/arch/arm/core/cortex_m/libarch__arm__core__cortex_m.a(exc_exit.c.obj)
                0x0000000008003ca4                z_arm_int_exit
                0x0000000008003ca4                z_arm_exc_exit
 .text.bus_fault.constprop.0
                0x0000000008003cc4       0xb8 zephyr/arch/arch/arm/core/cortex_m/libarch__arm__core__cortex_m.a(fault.c.obj)
 .text.usage_fault.constprop.0
                0x0000000008003d7c       0xa8 zephyr/arch/arch/arm/core/cortex_m/libarch__arm__core__cortex_m.a(fault.c.obj)
 .text.mem_manage_fault
                0x0000000008003e24       0xe4 zephyr/arch/arch/arm/core/cortex_m/libarch__arm__core__cortex_m.a(fault.c.obj)
 .text.z_arm_fault
                0x0000000008003f08      0x1d4 zephyr/arch/arch/arm/core/cortex_m/libarch__arm__core__cortex_m.a(fault.c.obj)
                0x0000000008003f08                z_arm_fault
 .text.z_arm_fault_init
                0x00000000080040dc       0x18 zephyr/arch/arch/arm/core/cortex_m/libarch__arm__core__cortex_m.a(fault.c.obj)
                0x00000000080040dc                z_arm_fault_init
 .text.__fault  0x00000000080040f4       0x14 zephyr/arch/arch/arm/core/cortex_m/libarch__arm__core__cortex_m.a(fault_s.S.obj)
                0x00000000080040f4                z_arm_usage_fault
                0x00000000080040f4                z_arm_mpu_fault
                0x00000000080040f4                z_arm_exc_spurious
                0x00000000080040f4                z_arm_debug_monitor
                0x00000000080040f4                z_arm_hard_fault
                0x00000000080040f4                z_arm_bus_fault
 .text._reset_section
                0x0000000008004108       0x34 zephyr/arch/arch/arm/core/cortex_m/libarch__arm__core__cortex_m.a(reset.S.obj)
                0x0000000008004108                __start
                0x0000000008004108                z_arm_reset
 .text.z_impl_k_thread_abort
                0x000000000800413c       0x2c zephyr/arch/arch/arm/core/cortex_m/libarch__arm__core__cortex_m.a(thread_abort.c.obj)
                0x000000000800413c                z_impl_k_thread_abort
 .text.z_arm_pendsv
                0x0000000008004168       0x64 zephyr/arch/arch/arm/core/cortex_m/libarch__arm__core__cortex_m.a(swap_helper.S.obj)
                0x0000000008004168                z_arm_pendsv
 .text.z_arm_svc
                0x00000000080041cc       0x24 zephyr/arch/arch/arm/core/cortex_m/libarch__arm__core__cortex_m.a(swap_helper.S.obj)
                0x00000000080041cc                z_arm_svc
 .text.arm_irq_enable
                0x00000000080041f0       0x1c zephyr/arch/arch/arm/core/cortex_m/libarch__arm__core__cortex_m.a(irq_manage.c.obj)
                0x00000000080041f0                arm_irq_enable
 .text.arm_irq_priority_set
                0x000000000800420c       0x30 zephyr/arch/arch/arm/core/cortex_m/libarch__arm__core__cortex_m.a(irq_manage.c.obj)
                0x000000000800420c                arm_irq_priority_set
 .text.relocate_vector_table
                0x000000000800423c       0x1c zephyr/arch/arch/arm/core/cortex_m/libarch__arm__core__cortex_m.a(prep_c.c.obj)
                0x000000000800423c                relocate_vector_table
 .text.arch_new_thread
                0x0000000008004258       0x38 zephyr/arch/arch/arm/core/cortex_m/libarch__arm__core__cortex_m.a(thread.c.obj)
                0x0000000008004258                arch_new_thread
 .text.z_check_thread_stack_fail
                0x0000000008004290       0x2c zephyr/arch/arch/arm/core/cortex_m/libarch__arm__core__cortex_m.a(thread.c.obj)
                0x0000000008004290                z_check_thread_stack_fail
 .text.arch_switch_to_main_thread
                0x00000000080042bc       0x40 zephyr/arch/arch/arm/core/cortex_m/libarch__arm__core__cortex_m.a(thread.c.obj)
                0x00000000080042bc                arch_switch_to_main_thread
 .text.z_arm_cpu_idle_init
                0x00000000080042fc        0xc zephyr/arch/arch/arm/core/cortex_m/libarch__arm__core__cortex_m.a(cpu_idle.c.obj)
                0x00000000080042fc                z_arm_cpu_idle_init
 .text.z_arm_interrupt_init
                0x0000000008004308       0x18 zephyr/arch/arch/arm/core/cortex_m/libarch__arm__core__cortex_m.a(irq_init.c.obj)
                0x0000000008004308                z_arm_interrupt_init
 .text._isr_wrapper
                0x0000000008004320       0x24 zephyr/arch/arch/arm/core/cortex_m/libarch__arm__core__cortex_m.a(isr_wrapper.c.obj)
                0x0000000008004320                _isr_wrapper
 .text.z_arm_configure_static_mpu_regions
                0x0000000008004344       0x18 zephyr/arch/arch/arm/core/mpu/libarch__arm__core__mpu.a(arm_core_mpu.c.obj)
                0x0000000008004344                z_arm_configure_static_mpu_regions
 .text.z_arm_configure_dynamic_mpu_regions
                0x000000000800435c       0x20 zephyr/arch/arch/arm/core/mpu/libarch__arm__core__mpu.a(arm_core_mpu.c.obj)
                0x000000000800435c                z_arm_configure_dynamic_mpu_regions
 .text.region_allocate_and_init
                0x000000000800437c       0x54 zephyr/arch/arch/arm/core/mpu/libarch__arm__core__mpu.a(arm_mpu.c.obj)
 .text.mpu_configure_regions
                0x00000000080043d0       0x68 zephyr/arch/arch/arm/core/mpu/libarch__arm__core__mpu.a(arm_mpu.c.obj)
 .text.arm_core_mpu_enable
                0x0000000008004438       0x18 zephyr/arch/arch/arm/core/mpu/libarch__arm__core__mpu.a(arm_mpu.c.obj)
                0x0000000008004438                arm_core_mpu_enable
 .text.arm_core_mpu_disable
                0x0000000008004450       0x14 zephyr/arch/arch/arm/core/mpu/libarch__arm__core__mpu.a(arm_mpu.c.obj)
                0x0000000008004450                arm_core_mpu_disable
 .text.arm_core_mpu_configure_static_mpu_regions
                0x0000000008004464       0x14 zephyr/arch/arch/arm/core/mpu/libarch__arm__core__mpu.a(arm_mpu.c.obj)
                0x0000000008004464                arm_core_mpu_configure_static_mpu_regions
 .text.arm_core_mpu_configure_dynamic_mpu_regions
                0x0000000008004478       0x38 zephyr/arch/arch/arm/core/mpu/libarch__arm__core__mpu.a(arm_mpu.c.obj)
                0x0000000008004478                arm_core_mpu_configure_dynamic_mpu_regions
 .text.z_arm_mpu_init
                0x00000000080044b0      0x17c zephyr/arch/arch/arm/core/mpu/libarch__arm__core__mpu.a(arm_mpu.c.obj)
                0x00000000080044b0                z_arm_mpu_init
 .text.cbvprintf
                0x000000000800462c       0x38 zephyr/lib/libc/picolibc/liblib__libc__picolibc.a(cbprintf.c.obj)
                0x000000000800462c                cbvprintf
 .text.z_impl_zephyr_fputc
                0x0000000008004664       0x10 zephyr/lib/libc/picolibc/liblib__libc__picolibc.a(stdio.c.obj)
                0x0000000008004664                z_impl_zephyr_fputc
 .text.__stdout_hook_install
                0x0000000008004674       0x18 zephyr/lib/libc/picolibc/liblib__libc__picolibc.a(stdio.c.obj)
                0x0000000008004674                __stdout_hook_install
 .text.malloc_prepare
                0x000000000800468c       0x24 zephyr/lib/libc/common/liblib__libc__common.a(malloc.c.obj)
 .text.stm32_fill_irq_table
                0x00000000080046b0       0x18 zephyr/drivers/interrupt_controller/libdrivers__interrupt_controller.a(intc_gpio_stm32.c.obj)
 .text.stm32_intc_gpio_isr
                0x00000000080046c8       0x4c zephyr/drivers/interrupt_controller/libdrivers__interrupt_controller.a(intc_gpio_stm32.c.obj)
 .text.stm32_gpio_intc_enable_line
                0x0000000008004714       0x30 zephyr/drivers/interrupt_controller/libdrivers__interrupt_controller.a(intc_gpio_stm32.c.obj)
                0x0000000008004714                stm32_gpio_intc_enable_line
 .text.stm32_gpio_intc_disable_line
                0x0000000008004744       0x14 zephyr/drivers/interrupt_controller/libdrivers__interrupt_controller.a(intc_gpio_stm32.c.obj)
                0x0000000008004744                stm32_gpio_intc_disable_line
 .text.stm32_gpio_intc_select_line_trigger
                0x0000000008004758       0x50 zephyr/drivers/interrupt_controller/libdrivers__interrupt_controller.a(intc_gpio_stm32.c.obj)
                0x0000000008004758                stm32_gpio_intc_select_line_trigger
 .text.stm32_gpio_intc_set_irq_callback
                0x00000000080047a8       0x40 zephyr/drivers/interrupt_controller/libdrivers__interrupt_controller.a(intc_gpio_stm32.c.obj)
                0x00000000080047a8                stm32_gpio_intc_set_irq_callback
 .text.stm32_gpio_intc_remove_irq_callback
                0x00000000080047e8       0x24 zephyr/drivers/interrupt_controller/libdrivers__interrupt_controller.a(intc_gpio_stm32.c.obj)
                0x00000000080047e8                stm32_gpio_intc_remove_irq_callback
 .text.stm32_exti_get_line_src_port
                0x000000000800480c       0x34 zephyr/drivers/interrupt_controller/libdrivers__interrupt_controller.a(intc_gpio_stm32.c.obj)
                0x000000000800480c                stm32_exti_get_line_src_port
 .text.stm32_exti_init
                0x0000000008004840       0x48 zephyr/drivers/interrupt_controller/libdrivers__interrupt_controller.a(intc_exti_stm32.c.obj)
 .text.stm32_exti_is_pending
                0x0000000008004888       0x40 zephyr/drivers/interrupt_controller/libdrivers__interrupt_controller.a(intc_exti_stm32.c.obj)
                0x0000000008004888                stm32_exti_is_pending
 .text.stm32_exti_clear_pending
                0x00000000080048c8       0x3c zephyr/drivers/interrupt_controller/libdrivers__interrupt_controller.a(intc_exti_stm32.c.obj)
                0x00000000080048c8                stm32_exti_clear_pending
 .text.adc_stm32_channel_setup
                0x0000000008004904      0x124 zephyr/drivers/adc/libdrivers__adc.a(adc_stm32.c.obj)
 .text.adc_stm32_isr_18
                0x0000000008004a28       0xe4 zephyr/drivers/adc/libdrivers__adc.a(adc_stm32.c.obj)
 .text.adc_stm32_calibrate.isra.0
                0x0000000008004b0c       0x68 zephyr/drivers/adc/libdrivers__adc.a(adc_stm32.c.obj)
 .text.adc_stm32_init
                0x0000000008004b74      0x158 zephyr/drivers/adc/libdrivers__adc.a(adc_stm32.c.obj)
 .text.adc_stm32_read
                0x0000000008004ccc      0x26c zephyr/drivers/adc/libdrivers__adc.a(adc_stm32.c.obj)
 .text.stm32_clock_control_get_subsys_rate
                0x0000000008004f38       0xb4 zephyr/drivers/clock_control/libdrivers__clock_control.a(clock_stm32_ll_common.c.obj)
 .text.stm32_clock_control_init
                0x0000000008004fec      0x190 zephyr/drivers/clock_control/libdrivers__clock_control.a(clock_stm32_ll_common.c.obj)
                0x0000000008004fec                stm32_clock_control_init
 .text.get_pllsrc_frequency
                0x000000000800517c        0x8 zephyr/drivers/clock_control/libdrivers__clock_control.a(clock_stm32l4_l5_wb_wl.c.obj)
                0x000000000800517c                get_pllsrc_frequency
 .text.config_pll_sysclock
                0x0000000008005184       0x24 zephyr/drivers/clock_control/libdrivers__clock_control.a(clock_stm32l4_l5_wb_wl.c.obj)
                0x0000000008005184                config_pll_sysclock
 .text.uart_console_init
                0x00000000080051a8       0x28 zephyr/drivers/console/libdrivers__console.a(uart_console.c.obj)
 .text.console_out
                0x00000000080051d0       0x28 zephyr/drivers/console/libdrivers__console.a(uart_console.c.obj)
 .text.gpio_stm32_pin_interrupt_configure
                0x00000000080051f8       0xb0 zephyr/drivers/gpio/libdrivers__gpio.a(gpio_stm32.c.obj)
 .text.gpio_stm32_init
                0x00000000080052a8       0x38 zephyr/drivers/gpio/libdrivers__gpio.a(gpio_stm32.c.obj)
 .text.i2c_stm32_get_config.part.0
                0x00000000080052e0       0x1c zephyr/drivers/i2c/libdrivers__i2c.a(i2c_ll_stm32.c.obj)
 .text.i2c_stm32_set_smbus_mode
                0x00000000080052fc       0x54 zephyr/drivers/i2c/libdrivers__i2c.a(i2c_ll_stm32.c.obj)
                0x00000000080052fc                i2c_stm32_set_smbus_mode
 .text.i2c_stm32_runtime_configure
                0x0000000008005350       0x88 zephyr/drivers/i2c/libdrivers__i2c.a(i2c_ll_stm32.c.obj)
                0x0000000008005350                i2c_stm32_runtime_configure
 .text.i2c_stm32_init
                0x00000000080053d8       0xe0 zephyr/drivers/i2c/libdrivers__i2c.a(i2c_ll_stm32.c.obj)
 .text.i2c_stm32_activate
                0x00000000080054b8       0x68 zephyr/drivers/i2c/libdrivers__i2c.a(i2c_ll_stm32_common.c.obj)
                0x00000000080054b8                i2c_stm32_activate
 .text.i2c_stm32_configure_timing
                0x0000000008005520      0x158 zephyr/drivers/i2c/libdrivers__i2c.a(i2c_ll_stm32_v2.c.obj)
                0x0000000008005520                i2c_stm32_configure_timing
 .text.pinctrl_configure_pins
                0x0000000008005678       0x84 zephyr/drivers/pinctrl/libdrivers__pinctrl.a(pinctrl_stm32.c.obj)
                0x0000000008005678                pinctrl_configure_pins
 .text.uart_stm32_cfg2ll_stopbits
                0x00000000080056fc       0x38 zephyr/drivers/serial/libdrivers__serial.a(uart_stm32.c.obj)
 .text.uart_stm32_irq_err_enable
                0x0000000008005734       0x48 zephyr/drivers/serial/libdrivers__serial.a(uart_stm32.c.obj)
 .text.uart_stm32_irq_err_disable
                0x000000000800577c       0x48 zephyr/drivers/serial/libdrivers__serial.a(uart_stm32.c.obj)
 .text.lpuartdiv_calc
                0x00000000080057c4       0x30 zephyr/drivers/serial/libdrivers__serial.a(uart_stm32.c.obj)
                0x00000000080057c4                lpuartdiv_calc
 .text.uart_stm32_set_baudrate
                0x00000000080057f4      0x11c zephyr/drivers/serial/libdrivers__serial.a(uart_stm32.c.obj)
 .text.uart_stm32_configure
                0x0000000008005910       0xe8 zephyr/drivers/serial/libdrivers__serial.a(uart_stm32.c.obj)
 .text.uart_stm32_init
                0x00000000080059f8      0x1d8 zephyr/drivers/serial/libdrivers__serial.a(uart_stm32.c.obj)
 .text.elapsed  0x0000000008005bd0       0x4c zephyr/drivers/timer/libdrivers__timer.a(cortex_m_systick.c.obj)
 .text.sys_clock_driver_init
                0x0000000008005c1c       0x38 zephyr/drivers/timer/libdrivers__timer.a(cortex_m_systick.c.obj)
 .text.sys_clock_isr
                0x0000000008005c54       0x50 zephyr/drivers/timer/libdrivers__timer.a(cortex_m_systick.c.obj)
                0x0000000008005c54                sys_clock_isr
 .text.sys_clock_set_timeout
                0x0000000008005ca4       0xe8 zephyr/drivers/timer/libdrivers__timer.a(cortex_m_systick.c.obj)
                0x0000000008005ca4                sys_clock_set_timeout
 .text.sys_clock_elapsed
                0x0000000008005d8c       0x3c zephyr/drivers/timer/libdrivers__timer.a(cortex_m_systick.c.obj)
                0x0000000008005d8c                sys_clock_elapsed
 .text.sys_clock_cycle_get_32
                0x0000000008005dc8       0x28 zephyr/drivers/timer/libdrivers__timer.a(cortex_m_systick.c.obj)
                0x0000000008005dc8                sys_clock_cycle_get_32
 .text.HAL_RCC_GetSysClockFreq
                0x0000000008005df0       0xdc modules/hal_stm32/stm32cube/lib..__modules__hal__stm32__stm32cube.a(stm32wlxx_hal_rcc.c.obj)
                0x0000000008005df0                HAL_RCC_GetSysClockFreq
 .text.LL_SetFlashLatency
                0x0000000008005ecc       0xa4 modules/hal_stm32/stm32cube/lib..__modules__hal__stm32__stm32cube.a(stm32wlxx_ll_utils.c.obj)
                0x0000000008005ecc                LL_SetFlashLatency
 .text.k_sys_fatal_error_handler
                0x0000000008005f70       0x20 zephyr/kernel/libkernel.a(fatal.c.obj)
                0x0000000008005f70                k_sys_fatal_error_handler
 .text.z_fatal_error
                0x0000000008005f90       0xe8 zephyr/kernel/libkernel.a(fatal.c.obj)
                0x0000000008005f90                z_fatal_error
 .text.z_sys_init_run_level
                0x0000000008006078       0x30 zephyr/kernel/libkernel.a(init.c.obj)
 .text.bg_thread_main
                0x00000000080060a8       0xc0 zephyr/kernel/libkernel.a(init.c.obj)
 .text.z_init_cpu
                0x0000000008006168       0x70 zephyr/kernel/libkernel.a(init.c.obj)
                0x0000000008006168                z_init_cpu
 .text.z_cstart
                0x00000000080061d8       0xd0 zephyr/kernel/libkernel.a(init.c.obj)
                0x00000000080061d8                z_cstart
 .text.z_impl_k_mutex_lock
                0x00000000080062a8       0xf0 zephyr/kernel/libkernel.a(mutex.c.obj)
                0x00000000080062a8                z_impl_k_mutex_lock
 .text.z_impl_k_mutex_unlock
                0x0000000008006398       0xa0 zephyr/kernel/libkernel.a(mutex.c.obj)
                0x0000000008006398                z_impl_k_mutex_unlock
 .text.z_impl_k_sem_give
                0x0000000008006438       0x68 zephyr/kernel/libkernel.a(sem.c.obj)
                0x0000000008006438                z_impl_k_sem_give
 .text.z_impl_k_sem_take
                0x00000000080064a0       0x4c zephyr/kernel/libkernel.a(sem.c.obj)
                0x00000000080064a0                z_impl_k_sem_take
 .text.z_impl_k_condvar_signal
                0x00000000080064ec       0x4c zephyr/kernel/libkernel.a(condvar.c.obj)
                0x00000000080064ec                z_impl_k_condvar_signal
 .text.z_impl_k_condvar_wait
                0x0000000008006538       0x4c zephyr/kernel/libkernel.a(condvar.c.obj)
                0x0000000008006538                z_impl_k_condvar_wait
 .text.z_setup_new_thread
                0x0000000008006584       0x9c zephyr/kernel/libkernel.a(thread.c.obj)
                0x0000000008006584                z_setup_new_thread
 .text.z_impl_k_thread_create
                0x0000000008006620       0x58 zephyr/kernel/libkernel.a(thread.c.obj)
                0x0000000008006620                z_impl_k_thread_create
 .text.z_dummy_thread_init
                0x0000000008006678       0x18 zephyr/kernel/libkernel.a(thread.c.obj)
                0x0000000008006678                z_dummy_thread_init
 .text.z_swap_irqlock
                0x0000000008006690       0x34 zephyr/kernel/libkernel.a(sched.c.obj)
 .text.ready_thread
                0x00000000080066c4       0x84 zephyr/kernel/libkernel.a(sched.c.obj)
 .text.unready_thread
                0x0000000008006748       0x54 zephyr/kernel/libkernel.a(sched.c.obj)
 .text.add_thread_timeout
                0x000000000800679c       0x1c zephyr/kernel/libkernel.a(sched.c.obj)
 .text.move_thread_to_end_of_prio_q
                0x00000000080067b8       0x90 zephyr/kernel/libkernel.a(sched.c.obj)
                0x00000000080067b8                move_thread_to_end_of_prio_q
 .text.z_pend_curr
                0x0000000008006848       0x44 zephyr/kernel/libkernel.a(sched.c.obj)
                0x0000000008006848                z_pend_curr
 .text.z_thread_prio_set
                0x000000000800688c       0xe4 zephyr/kernel/libkernel.a(sched.c.obj)
                0x000000000800688c                z_thread_prio_set
 .text.z_reschedule
                0x0000000008006970       0x24 zephyr/kernel/libkernel.a(sched.c.obj)
                0x0000000008006970                z_reschedule
 .text.z_reschedule_irqlock
                0x0000000008006994       0x28 zephyr/kernel/libkernel.a(sched.c.obj)
                0x0000000008006994                z_reschedule_irqlock
 .text.k_sched_lock
                0x00000000080069bc       0x28 zephyr/kernel/libkernel.a(sched.c.obj)
                0x00000000080069bc                k_sched_lock
 .text.k_sched_unlock
                0x00000000080069e4       0x68 zephyr/kernel/libkernel.a(sched.c.obj)
                0x00000000080069e4                k_sched_unlock
 .text.z_sched_init
                0x0000000008006a4c       0x10 zephyr/kernel/libkernel.a(sched.c.obj)
                0x0000000008006a4c                z_sched_init
 .text.z_impl_k_yield
                0x0000000008006a5c       0x88 zephyr/kernel/libkernel.a(sched.c.obj)
                0x0000000008006a5c                z_impl_k_yield
 .text.z_tick_sleep
                0x0000000008006ae4       0x78 zephyr/kernel/libkernel.a(sched.c.obj)
 .text.z_impl_k_wakeup
                0x0000000008006b5c       0x48 zephyr/kernel/libkernel.a(sched.c.obj)
                0x0000000008006b5c                z_impl_k_wakeup
 .text.z_impl_k_sched_current_thread_query
                0x0000000008006ba4        0xc zephyr/kernel/libkernel.a(sched.c.obj)
                0x0000000008006ba4                z_impl_k_sched_current_thread_query
 .text.z_thread_abort
                0x0000000008006bb0      0x140 zephyr/kernel/libkernel.a(sched.c.obj)
                0x0000000008006bb0                z_thread_abort
 .text.slice_timeout
                0x0000000008006cf0       0x20 zephyr/kernel/libkernel.a(timeslicing.c.obj)
 .text.thread_is_sliceable
                0x0000000008006d10       0x3c zephyr/kernel/libkernel.a(timeslicing.c.obj)
                0x0000000008006d10                thread_is_sliceable
 .text.z_reset_time_slice
                0x0000000008006d4c       0x50 zephyr/kernel/libkernel.a(timeslicing.c.obj)
                0x0000000008006d4c                z_reset_time_slice
 .text.z_time_slice
                0x0000000008006d9c       0x60 zephyr/kernel/libkernel.a(timeslicing.c.obj)
                0x0000000008006d9c                z_time_slice
 .text.first    0x0000000008006dfc       0x10 zephyr/kernel/libkernel.a(timeout.c.obj)
 .text.elapsed  0x0000000008006e0c       0x14 zephyr/kernel/libkernel.a(timeout.c.obj)
 .text.remove_timeout
                0x0000000008006e20       0x38 zephyr/kernel/libkernel.a(timeout.c.obj)
 .text.z_add_timeout
                0x0000000008006e58      0x120 zephyr/kernel/libkernel.a(timeout.c.obj)
                0x0000000008006e58                z_add_timeout
 .text.sys_clock_announce
                0x0000000008006f78       0xc0 zephyr/kernel/libkernel.a(timeout.c.obj)
                0x0000000008006f78                sys_clock_announce
 .text.sys_clock_tick_get
                0x0000000008007038       0x30 zephyr/kernel/libkernel.a(timeout.c.obj)
                0x0000000008007038                sys_clock_tick_get
 .text.z_timer_expiration_handler
                0x0000000008007068      0x104 zephyr/kernel/libkernel.a(timer.c.obj)
                0x0000000008007068                z_timer_expiration_handler
 .text.z_impl_k_timer_start
                0x000000000800716c       0x70 zephyr/kernel/libkernel.a(timer.c.obj)
                0x000000000800716c                z_impl_k_timer_start
 .text.boot_banner
                0x00000000080071dc        0xc zephyr/kernel/libkernel.a(banner.c.obj)
                0x00000000080071dc                boot_banner
 .text.snprintf
                0x00000000080071e8       0x54 c:\users\javi\zephyr-sdk-0.17.4\arm-zephyr-eabi\bin\../lib/gcc/../../picolibc/arm-zephyr-eabi/lib/thumb/v7e-m/nofp\libc.a(libc_tinystdio_snprintf.c.o)
                0x00000000080071e8                snprintf
 .text.skip_to_arg
                0x000000000800723c      0x138 c:\users\javi\zephyr-sdk-0.17.4\arm-zephyr-eabi\bin\../lib/gcc/../../picolibc/arm-zephyr-eabi/lib/thumb/v7e-m/nofp\libc.a(libc_tinystdio_vfprintf.c.o)
 .text.vfprintf
                0x0000000008007374      0x9c4 c:\users\javi\zephyr-sdk-0.17.4\arm-zephyr-eabi\bin\../lib/gcc/../../picolibc/arm-zephyr-eabi/lib/thumb/v7e-m/nofp\libc.a(libc_tinystdio_vfprintf.c.o)
                0x0000000008007374                __d_vfprintf
 .text.div10    0x0000000008007d38       0x28 c:\users\javi\zephyr-sdk-0.17.4\arm-zephyr-eabi\bin\../lib/gcc/../../picolibc/arm-zephyr-eabi/lib/thumb/v7e-m/nofp\libc.a(libc_tinystdio_dtoa_ryu.c.o)
 .text.__dtoa_engine
                0x0000000008007d60      0x49c c:\users\javi\zephyr-sdk-0.17.4\arm-zephyr-eabi\bin\../lib/gcc/../../picolibc/arm-zephyr-eabi/lib/thumb/v7e-m/nofp\libc.a(libc_tinystdio_dtoa_ryu.c.o)
                0x0000000008007d60                __dtoa_engine
 .text.__log10Pow2
                0x00000000080081fc        0xc c:\users\javi\zephyr-sdk-0.17.4\arm-zephyr-eabi\bin\../lib/gcc/../../picolibc/arm-zephyr-eabi/lib/thumb/v7e-m/nofp\libc.a(libc_tinystdio_ryu_log10.c.o)
                0x00000000080081fc                __log10Pow2
 .text.__log10Pow5
                0x0000000008008208        0xc c:\users\javi\zephyr-sdk-0.17.4\arm-zephyr-eabi\bin\../lib/gcc/../../picolibc/arm-zephyr-eabi/lib/thumb/v7e-m/nofp\libc.a(libc_tinystdio_ryu_log10.c.o)
                0x0000000008008208                __log10Pow5
 .text.__pow5bits
                0x0000000008008214       0x10 c:\users\javi\zephyr-sdk-0.17.4\arm-zephyr-eabi\bin\../lib/gcc/../../picolibc/arm-zephyr-eabi/lib/thumb/v7e-m/nofp\libc.a(libc_tinystdio_ryu_pow5bits.c.o)
                0x0000000008008214                __pow5bits
 .text.__pow5Factor
                0x0000000008008224       0x30 c:\users\javi\zephyr-sdk-0.17.4\arm-zephyr-eabi\bin\../lib/gcc/../../picolibc/arm-zephyr-eabi/lib/thumb/v7e-m/nofp\libc.a(libc_tinystdio_ryu_table.c.o)
                0x0000000008008224                __pow5Factor
 .text.__double_computePow5
                0x0000000008008254       0xe8 c:\users\javi\zephyr-sdk-0.17.4\arm-zephyr-eabi\bin\../lib/gcc/../../picolibc/arm-zephyr-eabi/lib/thumb/v7e-m/nofp\libc.a(libc_tinystdio_ryu_table.c.o)
                0x0000000008008254                __double_computePow5
 .text.__double_computeInvPow5
                0x000000000800833c       0xf8 c:\users\javi\zephyr-sdk-0.17.4\arm-zephyr-eabi\bin\../lib/gcc/../../picolibc/arm-zephyr-eabi/lib/thumb/v7e-m/nofp\libc.a(libc_tinystdio_ryu_table.c.o)
                0x000000000800833c                __double_computeInvPow5
 .text._OffsetAbsSyms
                0x0000000008008434        0x2 zephyr/CMakeFiles/offsets.dir/./arch/arm/core/offsets/offsets.c.obj
                0x0000000008008434                _OffsetAbsSyms
 .text.gpio_pin_configure_dt
                0x0000000008008436       0x3e app/libapp.a(main.c.obj)
 .text.gpio_pin_set_dt
                0x0000000008008474       0x28 app/libapp.a(main.c.obj)
 .text.add_sample
                0x000000000800849c       0x40 app/libapp.a(main.c.obj)
 .text.i2c_transfer
                0x00000000080084dc       0x1e app/libapp.a(sensor_thread.c.obj)
 .text.i2c_write_dt
                0x00000000080084fa       0x1e app/libapp.a(sensor_thread.c.obj)
 .text.device_is_ready
                0x0000000008008518        0x4 app/libapp.a(sensor_thread.c.obj)
 .text.gpio_pin_configure_dt.constprop.0
                0x000000000800851c       0x34 app/libapp.a(sensor_thread.c.obj)
 .text.gpio_pin_set_dt.isra.0
                0x0000000008008550       0x28 app/libapp.a(sensor_thread.c.obj)
 .text.k_mutex_unlock.isra.0
                0x0000000008008578        0x4 app/libapp.a(sensor_thread.c.obj)
 .text.k_msleep.isra.0
                0x000000000800857c        0xa app/libapp.a(sensor_thread.c.obj)
 .text.chunk_size
                0x0000000008008586        0xa zephyr/libzephyr.a(heap.c.obj)
 .text.free_list_add
                0x0000000008008590       0x4e zephyr/libzephyr.a(heap.c.obj)
 .text.sys_heap_init
                0x00000000080085de       0x7a zephyr/libzephyr.a(heap.c.obj)
                0x00000000080085de                sys_heap_init
 .text.cbpprintf_external
                0x0000000008008658       0x62 zephyr/libzephyr.a(cbprintf_packaged.c.obj)
                0x0000000008008658                cbpprintf_external
 .text.is_ptr   0x00000000080086ba       0x4a zephyr/libzephyr.a(cbprintf_packaged.c.obj)
                0x00000000080086ba                is_ptr
 .text.arch_printk_char_out
                0x0000000008008704        0x4 zephyr/libzephyr.a(printk.c.obj)
                0x0000000008008704                arch_printk_char_out
 .text.printk   0x0000000008008708       0x1a zephyr/libzephyr.a(printk.c.obj)
                0x0000000008008708                printk
 .text.free_space
                0x0000000008008722       0x26 zephyr/libzephyr.a(mpsc_pbuf.c.obj)
 .text.get_usage
                0x0000000008008748       0x22 zephyr/libzephyr.a(mpsc_pbuf.c.obj)
 .text.idx_inc  0x000000000800876a       0x1c zephyr/libzephyr.a(mpsc_pbuf.c.obj)
 .text.rd_idx_inc
                0x0000000008008786       0x18 zephyr/libzephyr.a(mpsc_pbuf.c.obj)
 .text.add_skip_item
                0x000000000800879e       0x3a zephyr/libzephyr.a(mpsc_pbuf.c.obj)
 .text.drop_item_locked
                0x00000000080087d8      0x100 zephyr/libzephyr.a(mpsc_pbuf.c.obj)
 .text.post_drop_action
                0x00000000080088d8       0x36 zephyr/libzephyr.a(mpsc_pbuf.c.obj)
 .text.max_utilization_update
                0x000000000800890e       0x1a zephyr/libzephyr.a(mpsc_pbuf.c.obj)
 .text.mpsc_pbuf_init
                0x0000000008008928       0x42 zephyr/libzephyr.a(mpsc_pbuf.c.obj)
                0x0000000008008928                mpsc_pbuf_init
 .text.mpsc_pbuf_alloc
                0x000000000800896a       0xfe zephyr/libzephyr.a(mpsc_pbuf.c.obj)
                0x000000000800896a                mpsc_pbuf_alloc
 .text.mpsc_pbuf_commit
                0x0000000008008a68       0x3e zephyr/libzephyr.a(mpsc_pbuf.c.obj)
                0x0000000008008a68                mpsc_pbuf_commit
 .text.mpsc_pbuf_claim
                0x0000000008008aa6       0xa8 zephyr/libzephyr.a(mpsc_pbuf.c.obj)
                0x0000000008008aa6                mpsc_pbuf_claim
 .text.mpsc_pbuf_free
                0x0000000008008b4e       0x76 zephyr/libzephyr.a(mpsc_pbuf.c.obj)
                0x0000000008008b4e                mpsc_pbuf_free
 .text.mpsc_pbuf_is_pending
                0x0000000008008bc4       0x32 zephyr/libzephyr.a(mpsc_pbuf.c.obj)
                0x0000000008008bc4                mpsc_pbuf_is_pending
 .text._ConfigAbsSyms
                0x0000000008008bf6        0x2 zephyr/libzephyr.a(configs.c.obj)
                0x0000000008008bf6                _ConfigAbsSyms
 .text.log_msg_generic_get_wlen
                0x0000000008008bf8       0x20 zephyr/libzephyr.a(log_core.c.obj)
 .text.dummy_timestamp
                0x0000000008008c18        0x4 zephyr/libzephyr.a(log_core.c.obj)
 .text.atomic_inc
                0x0000000008008c1c       0x1a zephyr/libzephyr.a(log_core.c.obj)
 .text.default_lf_get_timestamp
                0x0000000008008c36       0x10 zephyr/libzephyr.a(log_core.c.obj)
 .text.z_log_vprintk
                0x0000000008008c46       0x1c zephyr/libzephyr.a(log_core.c.obj)
                0x0000000008008c46                z_log_vprintk
 .text.z_log_notify_drop
                0x0000000008008c62        0x6 zephyr/libzephyr.a(log_core.c.obj)
 .text.z_log_get_tag
                0x0000000008008c68        0x4 zephyr/libzephyr.a(log_core.c.obj)
                0x0000000008008c68                z_log_get_tag
 .text.log_backend_enable
                0x0000000008008c6c       0x12 zephyr/libzephyr.a(log_mgmt.c.obj)
                0x0000000008008c6c                log_backend_enable
 .text.z_cbprintf_cpy
                0x0000000008008c7e       0x2e zephyr/libzephyr.a(log_msg.c.obj)
 .text.z_log_msg_finalize
                0x0000000008008cac       0x32 zephyr/libzephyr.a(log_msg.c.obj)
                0x0000000008008cac                z_log_msg_finalize
 .text.z_log_msg_simple_create
                0x0000000008008cde       0x6e zephyr/libzephyr.a(log_msg.c.obj)
 .text.z_impl_z_log_msg_simple_create_0
                0x0000000008008d4c       0x12 zephyr/libzephyr.a(log_msg.c.obj)
                0x0000000008008d4c                z_impl_z_log_msg_simple_create_0
 .text.z_impl_z_log_msg_simple_create_1
                0x0000000008008d5e       0x14 zephyr/libzephyr.a(log_msg.c.obj)
                0x0000000008008d5e                z_impl_z_log_msg_simple_create_1
 .text.z_impl_z_log_msg_simple_create_2
                0x0000000008008d72       0x18 zephyr/libzephyr.a(log_msg.c.obj)
                0x0000000008008d72                z_impl_z_log_msg_simple_create_2
 .text.log_output_write
                0x0000000008008d8a       0x1c zephyr/libzephyr.a(log_output.c.obj)
 .text.log_output_flush
                0x0000000008008da6       0x1a zephyr/libzephyr.a(log_output.c.obj)
 .text.out_func
                0x0000000008008dc0       0x36 zephyr/libzephyr.a(log_output.c.obj)
 .text.cr_out_func
                0x0000000008008df6       0x1c zephyr/libzephyr.a(log_output.c.obj)
 .text.log_output_msg_process
                0x0000000008008e12       0x6a zephyr/libzephyr.a(log_output.c.obj)
                0x0000000008008e12                log_output_msg_process
 .text.format_set
                0x0000000008008e7c        0xc zephyr/libzephyr.a(log_backend_uart.c.obj)
 .text.log_backend_uart_init
                0x0000000008008e88        0xc zephyr/libzephyr.a(log_backend_uart.c.obj)
 .text.panic    0x0000000008008e94       0x32 zephyr/libzephyr.a(log_backend_uart.c.obj)
 .text.dropped  0x0000000008008ec6        0xa zephyr/libzephyr.a(log_backend_uart.c.obj)
 .text.process  0x0000000008008ed0       0x1e zephyr/libzephyr.a(log_backend_uart.c.obj)
 .text.arch_early_memset
                0x0000000008008eee        0x4 zephyr/arch/common/libarch__common.a(init.c.obj)
                0x0000000008008eee                arch_early_memset
 .text.arch_early_memcpy
                0x0000000008008ef2        0x4 zephyr/arch/common/libarch__common.a(init.c.obj)
                0x0000000008008ef2                arch_early_memcpy
 .text.z_do_kernel_oops
                0x0000000008008ef6        0x8 zephyr/arch/arch/arm/core/libarch__arm__core.a(fatal.c.obj)
                0x0000000008008ef6                z_do_kernel_oops
 .text.z_arm_nmi
                0x0000000008008efe        0xe zephyr/arch/arch/arm/core/libarch__arm__core.a(nmi.c.obj)
                0x0000000008008efe                z_arm_nmi
 .text.z_log_msg_simple_create_0.constprop.0
                0x0000000008008f0c        0x8 zephyr/arch/arch/arm/core/cortex_m/libarch__arm__core__cortex_m.a(fault.c.obj)
 .text.z_irq_spurious
                0x0000000008008f14        0x8 zephyr/arch/arch/arm/core/cortex_m/libarch__arm__core__cortex_m.a(irq_manage.c.obj)
                0x0000000008008f14                z_irq_spurious
 .text.z_prep_c
                0x0000000008008f1c       0x16 zephyr/arch/arch/arm/core/cortex_m/libarch__arm__core__cortex_m.a(prep_c.c.obj)
                0x0000000008008f1c                z_prep_c
 .text.arch_coprocessors_disable
                0x0000000008008f32        0x6 zephyr/arch/arch/arm/core/cortex_m/libarch__arm__core__cortex_m.a(thread.c.obj)
                0x0000000008008f32                arch_coprocessors_disable
 .text.arch_irq_unlock_outlined
                0x0000000008008f38        0xe zephyr/arch/arch/arm/core/cortex_m/libarch__arm__core__cortex_m.a(thread.c.obj)
                0x0000000008008f38                arch_irq_unlock_outlined
 .text.arch_cpu_idle
                0x0000000008008f46       0x1a zephyr/arch/arch/arm/core/cortex_m/libarch__arm__core__cortex_m.a(cpu_idle.c.obj)
                0x0000000008008f46                arch_cpu_idle
 .text.size_to_mpu_rasr_size
                0x0000000008008f60       0x20 zephyr/arch/arch/arm/core/mpu/libarch__arm__core__mpu.a(arm_mpu.c.obj)
 .text.cbputc   0x0000000008008f80        0xc zephyr/lib/libc/picolibc/liblib__libc__picolibc.a(cbprintf.c.obj)
 .text.picolibc_put
                0x0000000008008f8c        0xa zephyr/lib/libc/picolibc/liblib__libc__picolibc.a(stdio.c.obj)
 .text.stm32_exti_gpio_intc_init
                0x0000000008008f96       0x92 zephyr/drivers/interrupt_controller/libdrivers__interrupt_controller.a(intc_gpio_stm32.c.obj)
 .text.stm32_gpio_intc_get_pin_irq_line
                0x0000000008009028        0xa zephyr/drivers/interrupt_controller/libdrivers__interrupt_controller.a(intc_gpio_stm32.c.obj)
                0x0000000008009028                stm32_gpio_intc_get_pin_irq_line
 .text.stm32_exti_set_line_src_port
                0x0000000008009032       0x3c zephyr/drivers/interrupt_controller/libdrivers__interrupt_controller.a(intc_gpio_stm32.c.obj)
                0x0000000008009032                stm32_exti_set_line_src_port
 .text.adc_stm32_isr_18_init
                0x000000000800906e       0x16 zephyr/drivers/adc/libdrivers__adc.a(adc_stm32.c.obj)
 .text.z_log_msg_simple_create_0.constprop.0
                0x0000000008009084        0x8 zephyr/drivers/adc/libdrivers__adc.a(adc_stm32.c.obj)
 .text.adc_stm32_calibration_start.constprop.0.isra.0
                0x000000000800908c       0x1a zephyr/drivers/adc/libdrivers__adc.a(adc_stm32.c.obj)
 .text.adc_context_start_sampling
                0x00000000080090a6       0x1e zephyr/drivers/adc/libdrivers__adc.a(adc_stm32.c.obj)
 .text.adc_context_on_timer_expired
                0x00000000080090c4       0x2e zephyr/drivers/adc/libdrivers__adc.a(adc_stm32.c.obj)
 .text.adc_stm32_enable.isra.0
                0x00000000080090f2       0x32 zephyr/drivers/adc/libdrivers__adc.a(adc_stm32.c.obj)
 .text.adc_stm32_disable
                0x0000000008009124       0x3a zephyr/drivers/adc/libdrivers__adc.a(adc_stm32.c.obj)
 .text.LL_RCC_HSI_IsReady
                0x000000000800915e        0xc zephyr/drivers/clock_control/libdrivers__clock_control.a(clock_stm32_ll_common.c.obj)
 .text.stm32_clock_control_on
                0x000000000800916a       0x3c zephyr/drivers/clock_control/libdrivers__clock_control.a(clock_stm32_ll_common.c.obj)
 .text.stm32_clock_control_off
                0x00000000080091a6       0x28 zephyr/drivers/clock_control/libdrivers__clock_control.a(clock_stm32_ll_common.c.obj)
 .text.enabled_clock
                0x00000000080091ce       0x20 zephyr/drivers/clock_control/libdrivers__clock_control.a(clock_stm32_ll_common.c.obj)
                0x00000000080091ce                enabled_clock
 .text.stm32_clock_control_configure
                0x00000000080091ee       0x50 zephyr/drivers/clock_control/libdrivers__clock_control.a(clock_stm32_ll_common.c.obj)
 .text.stm32_clock_control_get_status
                0x000000000800923e       0x34 zephyr/drivers/clock_control/libdrivers__clock_control.a(clock_stm32_ll_common.c.obj)
 .text.config_regulator_voltage
                0x0000000008009272        0x2 zephyr/drivers/clock_control/libdrivers__clock_control.a(clock_stm32_ll_common.c.obj)
                0x0000000008009272                config_regulator_voltage
 .text.config_enable_default_clocks
                0x0000000008009274        0x2 zephyr/drivers/clock_control/libdrivers__clock_control.a(clock_stm32l4_l5_wb_wl.c.obj)
                0x0000000008009274                config_enable_default_clocks
 .text.gpio_stm32_port_get_raw
                0x0000000008009276        0xc zephyr/drivers/gpio/libdrivers__gpio.a(gpio_stm32.c.obj)
 .text.gpio_stm32_port_set_masked_raw
                0x0000000008009282       0x12 zephyr/drivers/gpio/libdrivers__gpio.a(gpio_stm32.c.obj)
 .text.gpio_stm32_port_set_bits_raw
                0x0000000008009294        0xa zephyr/drivers/gpio/libdrivers__gpio.a(gpio_stm32.c.obj)
 .text.gpio_stm32_port_clear_bits_raw
                0x000000000800929e        0xa zephyr/drivers/gpio/libdrivers__gpio.a(gpio_stm32.c.obj)
 .text.gpio_stm32_port_toggle_bits
                0x00000000080092a8        0xe zephyr/drivers/gpio/libdrivers__gpio.a(gpio_stm32.c.obj)
 .text.gpio_stm32_manage_callback
                0x00000000080092b6       0x52 zephyr/drivers/gpio/libdrivers__gpio.a(gpio_stm32.c.obj)
 .text.gpio_stm32_configure_raw.isra.0
                0x0000000008009308      0x106 zephyr/drivers/gpio/libdrivers__gpio.a(gpio_stm32.c.obj)
 .text.gpio_stm32_config
                0x000000000800940e       0xd4 zephyr/drivers/gpio/libdrivers__gpio.a(gpio_stm32.c.obj)
 .text.gpio_stm32_isr
                0x00000000080094e2       0x2c zephyr/drivers/gpio/libdrivers__gpio.a(gpio_stm32.c.obj)
 .text.gpio_stm32_configure
                0x000000000800950e       0x2a zephyr/drivers/gpio/libdrivers__gpio.a(gpio_stm32.c.obj)
                0x000000000800950e                gpio_stm32_configure
 .text.i2c_stm32_irq_config_func_0
                0x0000000008009538       0x26 zephyr/drivers/i2c/libdrivers__i2c.a(i2c_ll_stm32.c.obj)
 .text.i2c_stm32_irq_config_func_1
                0x000000000800955e       0x26 zephyr/drivers/i2c/libdrivers__i2c.a(i2c_ll_stm32.c.obj)
 .text.i2c_stm32_transfer
                0x0000000008009584       0x8e zephyr/drivers/i2c/libdrivers__i2c.a(i2c_ll_stm32.c.obj)
 .text.i2c_stm32_get_config
                0x0000000008009612       0x14 zephyr/drivers/i2c/libdrivers__i2c.a(i2c_ll_stm32.c.obj)
                0x0000000008009612                i2c_stm32_get_config
 .text.i2c_stm32_event_isr
                0x0000000008009626        0x4 zephyr/drivers/i2c/libdrivers__i2c.a(i2c_ll_stm32_common.c.obj)
                0x0000000008009626                i2c_stm32_event_isr
 .text.i2c_stm32_error_isr
                0x000000000800962a        0x4 zephyr/drivers/i2c/libdrivers__i2c.a(i2c_ll_stm32_common.c.obj)
                0x000000000800962a                i2c_stm32_error_isr
 .text.i2c_stm32_disable_transfer_interrupts
                0x000000000800962e       0x3e zephyr/drivers/i2c/libdrivers__i2c.a(i2c_ll_stm32_v2.c.obj)
 .text.i2c_stm32_event
                0x000000000800966c       0x9c zephyr/drivers/i2c/libdrivers__i2c.a(i2c_ll_stm32_v2.c.obj)
                0x000000000800966c                i2c_stm32_event
 .text.i2c_stm32_error
                0x0000000008009708       0x44 zephyr/drivers/i2c/libdrivers__i2c.a(i2c_ll_stm32_v2.c.obj)
                0x0000000008009708                i2c_stm32_error
 .text.i2c_stm32_transaction
                0x000000000800974c      0x106 zephyr/drivers/i2c/libdrivers__i2c.a(i2c_ll_stm32_v2.c.obj)
                0x000000000800974c                i2c_stm32_transaction
 .text.pinctrl_lookup_state
                0x0000000008009852       0x26 zephyr/drivers/pinctrl/libdrivers__pinctrl.a(common.c.obj)
                0x0000000008009852                pinctrl_lookup_state
 .text.reset_stm32_status
                0x0000000008009878       0x20 zephyr/drivers/reset/libdrivers__reset.a(reset_stm32.c.obj)
 .text.reset_stm32_line_assert
                0x0000000008009898       0x1c zephyr/drivers/reset/libdrivers__reset.a(reset_stm32.c.obj)
 .text.reset_stm32_line_deassert
                0x00000000080098b4       0x1e zephyr/drivers/reset/libdrivers__reset.a(reset_stm32.c.obj)
 .text.reset_stm32_line_toggle
                0x00000000080098d2       0x16 zephyr/drivers/reset/libdrivers__reset.a(reset_stm32.c.obj)
 .text.uart_stm32_ll2cfg_databits
                0x00000000080098e8       0x2a zephyr/drivers/serial/libdrivers__serial.a(uart_stm32.c.obj)
 .text.uart_stm32_err_check
                0x0000000008009912       0x5a zephyr/drivers/serial/libdrivers__serial.a(uart_stm32.c.obj)
 .text.uart_stm32_irq_tx_enable
                0x000000000800996c       0x16 zephyr/drivers/serial/libdrivers__serial.a(uart_stm32.c.obj)
 .text.uart_stm32_irq_tx_disable
                0x0000000008009982       0x16 zephyr/drivers/serial/libdrivers__serial.a(uart_stm32.c.obj)
 .text.uart_stm32_irq_rx_enable
                0x0000000008009998       0x16 zephyr/drivers/serial/libdrivers__serial.a(uart_stm32.c.obj)
 .text.uart_stm32_irq_rx_disable
                0x00000000080099ae       0x16 zephyr/drivers/serial/libdrivers__serial.a(uart_stm32.c.obj)
 .text.uart_stm32_irq_rx_ready
                0x00000000080099c4        0xc zephyr/drivers/serial/libdrivers__serial.a(uart_stm32.c.obj)
 .text.uart_stm32_irq_update
                0x00000000080099d0        0x4 zephyr/drivers/serial/libdrivers__serial.a(uart_stm32.c.obj)
 .text.uart_stm32_irq_callback_set
                0x00000000080099d4        0x8 zephyr/drivers/serial/libdrivers__serial.a(uart_stm32.c.obj)
 .text.uart_stm32_isr
                0x00000000080099dc        0xc zephyr/drivers/serial/libdrivers__serial.a(uart_stm32.c.obj)
 .text.uart_stm32_irq_config_func_0
                0x00000000080099e8       0x16 zephyr/drivers/serial/libdrivers__serial.a(uart_stm32.c.obj)
 .text.uart_stm32_irq_config_func_1
                0x00000000080099fe       0x16 zephyr/drivers/serial/libdrivers__serial.a(uart_stm32.c.obj)
 .text.uart_stm32_irq_tx_complete
                0x0000000008009a14        0xc zephyr/drivers/serial/libdrivers__serial.a(uart_stm32.c.obj)
 .text.uart_stm32_irq_tx_ready
                0x0000000008009a20       0x14 zephyr/drivers/serial/libdrivers__serial.a(uart_stm32.c.obj)
 .text.uart_stm32_config_get
                0x0000000008009a34       0x92 zephyr/drivers/serial/libdrivers__serial.a(uart_stm32.c.obj)
 .text.uart_stm32_fifo_fill
                0x0000000008009ac6       0x58 zephyr/drivers/serial/libdrivers__serial.a(uart_stm32.c.obj)
 .text.uart_stm32_poll_out
                0x0000000008009b1e       0x36 zephyr/drivers/serial/libdrivers__serial.a(uart_stm32.c.obj)
 .text.uart_stm32_irq_is_pending
                0x0000000008009b54       0x24 zephyr/drivers/serial/libdrivers__serial.a(uart_stm32.c.obj)
 .text.uart_stm32_fifo_read
                0x0000000008009b78       0x44 zephyr/drivers/serial/libdrivers__serial.a(uart_stm32.c.obj)
 .text.uart_stm32_poll_in
                0x0000000008009bbc       0x20 zephyr/drivers/serial/libdrivers__serial.a(uart_stm32.c.obj)
 .text.uart_stm32_parameters_set
                0x0000000008009bdc      0x13e zephyr/drivers/serial/libdrivers__serial.a(uart_stm32.c.obj)
 .text.z_impl_k_busy_wait
                0x0000000008009d1a       0x1c zephyr/kernel/libkernel.a(busy_wait.c.obj)
                0x0000000008009d1a                z_impl_k_busy_wait
 .text.do_device_init
                0x0000000008009d36       0x30 zephyr/kernel/libkernel.a(device.c.obj)
                0x0000000008009d36                do_device_init
 .text.z_impl_device_is_ready
                0x0000000008009d66       0x16 zephyr/kernel/libkernel.a(device.c.obj)
                0x0000000008009d66                z_impl_device_is_ready
 .text.arch_system_halt
                0x0000000008009d7c       0x10 zephyr/kernel/libkernel.a(fatal.c.obj)
                0x0000000008009d7c                arch_system_halt
 .text.idle     0x0000000008009d8c       0x16 zephyr/kernel/libkernel.a(idle.c.obj)
                0x0000000008009d8c                idle
 .text.adjust_owner_prio.isra.0
                0x0000000008009da2       0x10 zephyr/kernel/libkernel.a(mutex.c.obj)
 .text.z_impl_k_mutex_init
                0x0000000008009db2        0xe zephyr/kernel/libkernel.a(mutex.c.obj)
                0x0000000008009db2                z_impl_k_mutex_init
 .text.z_impl_k_sem_init
                0x0000000008009dc0       0x18 zephyr/kernel/libkernel.a(sem.c.obj)
                0x0000000008009dc0                z_impl_k_sem_init
 .text.unpend_thread_no_timeout
                0x0000000008009dd8       0x1a zephyr/kernel/libkernel.a(condvar.c.obj)
 .text.z_impl_k_condvar_init
                0x0000000008009df2        0x8 zephyr/kernel/libkernel.a(condvar.c.obj)
                0x0000000008009df2                z_impl_k_condvar_init
 .text.k_is_in_isr
                0x0000000008009dfa        0xc zephyr/kernel/libkernel.a(thread.c.obj)
                0x0000000008009dfa                k_is_in_isr
 .text.z_impl_k_thread_name_set
                0x0000000008009e06        0x6 zephyr/kernel/libkernel.a(thread.c.obj)
                0x0000000008009e06                z_impl_k_thread_name_set
 .text.k_thread_name_get
                0x0000000008009e0c        0x4 zephyr/kernel/libkernel.a(thread.c.obj)
                0x0000000008009e0c                k_thread_name_get
 .text.sys_dlist_remove
                0x0000000008009e10       0x10 zephyr/kernel/libkernel.a(sched.c.obj)
 .text.unpend_thread_no_timeout
                0x0000000008009e20       0x14 zephyr/kernel/libkernel.a(sched.c.obj)
 .text.add_to_waitq_locked
                0x0000000008009e34       0x50 zephyr/kernel/libkernel.a(sched.c.obj)
 .text.z_ready_thread
                0x0000000008009e84       0x1e zephyr/kernel/libkernel.a(sched.c.obj)
                0x0000000008009e84                z_ready_thread
 .text.z_unpend_thread_no_timeout
                0x0000000008009ea2       0x22 zephyr/kernel/libkernel.a(sched.c.obj)
                0x0000000008009ea2                z_unpend_thread_no_timeout
 .text.z_sched_wake_thread
                0x0000000008009ec4       0x46 zephyr/kernel/libkernel.a(sched.c.obj)
                0x0000000008009ec4                z_sched_wake_thread
 .text.z_thread_timeout
                0x0000000008009f0a        0x8 zephyr/kernel/libkernel.a(sched.c.obj)
                0x0000000008009f0a                z_thread_timeout
 .text.z_unpend1_no_timeout
                0x0000000008009f12       0x2c zephyr/kernel/libkernel.a(sched.c.obj)
                0x0000000008009f12                z_unpend1_no_timeout
 .text.z_impl_k_sleep
                0x0000000008009f3e       0x3e zephyr/kernel/libkernel.a(sched.c.obj)
                0x0000000008009f3e                z_impl_k_sleep
 .text.next_timeout
                0x0000000008009f7c       0x2e zephyr/kernel/libkernel.a(timeout.c.obj)
 .text.z_abort_timeout
                0x0000000008009faa       0x50 zephyr/kernel/libkernel.a(timeout.c.obj)
                0x0000000008009faa                z_abort_timeout
 .text.sys_clock_tick_get_32
                0x0000000008009ffa        0x8 zephyr/kernel/libkernel.a(timeout.c.obj)
                0x0000000008009ffa                sys_clock_tick_get_32
 .text.z_impl_k_uptime_ticks
                0x000000000800a002        0x4 zephyr/kernel/libkernel.a(timeout.c.obj)
                0x000000000800a002                z_impl_k_uptime_ticks
 .text.k_timer_init
                0x000000000800a006       0x18 zephyr/kernel/libkernel.a(timer.c.obj)
                0x000000000800a006                k_timer_init
 .text.z_impl_k_timer_stop
                0x000000000800a01e       0x38 zephyr/kernel/libkernel.a(timer.c.obj)
                0x000000000800a01e                z_impl_k_timer_stop
 .text.memcpy   0x000000000800a056       0x1c c:\users\javi\zephyr-sdk-0.17.4\arm-zephyr-eabi\bin\../lib/gcc/../../picolibc/arm-zephyr-eabi/lib/thumb/v7e-m/nofp\libc.a(memcpy.c.o)
                0x000000000800a056                __aeabi_memcpy
                0x000000000800a056                __aeabi_memcpy4
                0x000000000800a056                __aeabi_memcpy8
                0x000000000800a056                memcpy
 .text.memset   0x000000000800a072       0x10 c:\users\javi\zephyr-sdk-0.17.4\arm-zephyr-eabi\bin\../lib/gcc/../../picolibc/arm-zephyr-eabi/lib/thumb/v7e-m/nofp\libc.a(memset.c.o)
                0x000000000800a072                memset
 .text.strncpy  0x000000000800a082       0x20 c:\users\javi\zephyr-sdk-0.17.4\arm-zephyr-eabi\bin\../lib/gcc/../../picolibc/arm-zephyr-eabi/lib/thumb/v7e-m/nofp\libc.a(libc_string_strncpy.c.o)
                0x000000000800a082                strncpy
 .text.strnlen  0x000000000800a0a2       0x18 c:\users\javi\zephyr-sdk-0.17.4\arm-zephyr-eabi\bin\../lib/gcc/../../picolibc/arm-zephyr-eabi/lib/thumb/v7e-m/nofp\libc.a(libc_string_strnlen.c.o)
                0x000000000800a0a2                strnlen
 .text.strstr   0x000000000800a0ba       0x2c c:\users\javi\zephyr-sdk-0.17.4\arm-zephyr-eabi\bin\../lib/gcc/../../picolibc/arm-zephyr-eabi/lib/thumb/v7e-m/nofp\libc.a(libc_string_strstr.c.o)
                0x000000000800a0ba                strstr
 .text.__ultoa_invert
                0x000000000800a0e6       0x50 c:\users\javi\zephyr-sdk-0.17.4\arm-zephyr-eabi\bin\../lib/gcc/../../picolibc/arm-zephyr-eabi/lib/thumb/v7e-m/nofp\libc.a(libc_tinystdio_vfprintf.c.o)
 .text.mulShiftAll64
                0x000000000800a136      0x176 c:\users\javi\zephyr-sdk-0.17.4\arm-zephyr-eabi\bin\../lib/gcc/../../picolibc/arm-zephyr-eabi/lib/thumb/v7e-m/nofp\libc.a(libc_tinystdio_dtoa_ryu.c.o)
 .text.__umul128
                0x000000000800a2ac       0x36 c:\users\javi\zephyr-sdk-0.17.4\arm-zephyr-eabi\bin\../lib/gcc/../../picolibc/arm-zephyr-eabi/lib/thumb/v7e-m/nofp\libc.a(libc_tinystdio_ryu_umul128.c.o)
                0x000000000800a2ac                __umul128
 .text.__shiftright128
                0x000000000800a2e2       0x3e c:\users\javi\zephyr-sdk-0.17.4\arm-zephyr-eabi\bin\../lib/gcc/../../picolibc/arm-zephyr-eabi/lib/thumb/v7e-m/nofp\libc.a(libc_tinystdio_ryu_umul128.c.o)
                0x000000000800a2e2                __shiftright128
 .text.__dtox_engine
                0x000000000800a320      0x128 c:\users\javi\zephyr-sdk-0.17.4\arm-zephyr-eabi\bin\../lib/gcc/../../picolibc/arm-zephyr-eabi/lib/thumb/v7e-m/nofp\libc.a(libc_tinystdio_dtox_engine.c.o)
                0x000000000800a320                __dtox_engine
 .text.__file_str_put
                0x000000000800a448       0x10 c:\users\javi\zephyr-sdk-0.17.4\arm-zephyr-eabi\bin\../lib/gcc/../../picolibc/arm-zephyr-eabi/lib/thumb/v7e-m/nofp\libc.a(libc_tinystdio_filestrput.c.o)
                0x000000000800a448                __file_str_put
 *(SORT_BY_ALIGNMENT(.TEXT.*))
 .TEXT.__aeabi_read_tp
                0x000000000800a458        0xc zephyr/arch/arch/arm/core/cortex_m/libarch__arm__core__cortex_m.a(__aeabi_read_tp.S.obj)
                0x000000000800a458                __aeabi_read_tp
 *(SORT_BY_ALIGNMENT(.gnu.linkonce.t.*))
 *(SORT_BY_ALIGNMENT(.glue_7t))
 .glue_7t       0x000000000800a464        0x0 linker stubs
 *(SORT_BY_ALIGNMENT(.glue_7))
 .glue_7        0x000000000800a464        0x0 linker stubs
 *(SORT_BY_ALIGNMENT(.vfp11_veneer))
 .vfp11_veneer  0x000000000800a464        0x0 linker stubs
 *(SORT_BY_ALIGNMENT(.v4_bx))
 .v4_bx         0x000000000800a464        0x0 linker stubs
                0x000000000800a464                . = ALIGN (0x4)
                0x000000000800a464                __text_region_end = .

.ARM.exidx      0x000000000800a464        0x8
                0x000000000800a464                __exidx_start = .
 *(SORT_BY_ALIGNMENT(.ARM.exidx*) SORT_BY_ALIGNMENT(gnu.linkonce.armexidx.*))
 .ARM.exidx     0x000000000800a464        0x8 c:/users/javi/zephyr-sdk-0.17.4/arm-zephyr-eabi/bin/../lib/gcc/arm-zephyr-eabi/12.2.0/thumb/v7e-m/nofp\libgcc.a(_udivmoddi4.o)
                0x000000000800a46c                __exidx_end = .
                0x000000000800a46c                __rodata_region_start = .

initlevel       0x000000000800a46c       0x90
                0x000000000800a46c                __init_start = .
                0x000000000800a46c                __init_EARLY_start = .
 *(SORT_BY_NAME(SORT_BY_ALIGNMENT(.z_init_EARLY_P_?_*)))
 *(SORT_BY_NAME(SORT_BY_ALIGNMENT(.z_init_EARLY_P_??_*)))
 *(SORT_BY_NAME(SORT_BY_ALIGNMENT(.z_init_EARLY_P_???_*)))
                0x000000000800a46c                __init_PRE_KERNEL_1_start = .
 *(SORT_BY_NAME(SORT_BY_ALIGNMENT(.z_init_PRE_KERNEL_1_P_?_*)))
 .z_init_PRE_KERNEL_1_P_1_SUB_00009_
                0x000000000800a46c        0x8 zephyr/drivers/clock_control/libdrivers__clock_control.a(clock_stm32_ll_common.c.obj)
 .z_init_PRE_KERNEL_1_P_1_SUB_0_
                0x000000000800a474        0x8 zephyr/libzephyr.a(soc_config.c.obj)
 *(SORT_BY_NAME(SORT_BY_ALIGNMENT(.z_init_PRE_KERNEL_1_P_??_*)))
 .z_init_PRE_KERNEL_1_P_35_SUB_00057_
                0x000000000800a47c        0x8 zephyr/drivers/reset/libdrivers__reset.a(reset_stm32.c.obj)
 .z_init_PRE_KERNEL_1_P_40_SUB_00039_
                0x000000000800a484        0x8 zephyr/drivers/gpio/libdrivers__gpio.a(gpio_stm32.c.obj)
 .z_init_PRE_KERNEL_1_P_40_SUB_00040_
                0x000000000800a48c        0x8 zephyr/drivers/gpio/libdrivers__gpio.a(gpio_stm32.c.obj)
 .z_init_PRE_KERNEL_1_P_40_SUB_00045_
                0x000000000800a494        0x8 zephyr/drivers/gpio/libdrivers__gpio.a(gpio_stm32.c.obj)
 .z_init_PRE_KERNEL_1_P_40_SUB_00064_
                0x000000000800a49c        0x8 zephyr/drivers/interrupt_controller/libdrivers__interrupt_controller.a(intc_exti_stm32.c.obj)
 .z_init_PRE_KERNEL_1_P_40_SUB_00094_
                0x000000000800a4a4        0x8 zephyr/drivers/gpio/libdrivers__gpio.a(gpio_stm32.c.obj)
 .z_init_PRE_KERNEL_1_P_40_SUB_0_
                0x000000000800a4ac        0x8 zephyr/drivers/interrupt_controller/libdrivers__interrupt_controller.a(intc_gpio_stm32.c.obj)
 .z_init_PRE_KERNEL_1_P_50_SUB_00069_
                0x000000000800a4b4        0x8 zephyr/drivers/serial/libdrivers__serial.a(uart_stm32.c.obj)
 .z_init_PRE_KERNEL_1_P_50_SUB_00071_
                0x000000000800a4bc        0x8 zephyr/drivers/serial/libdrivers__serial.a(uart_stm32.c.obj)
 .z_init_PRE_KERNEL_1_P_60_SUB_0_
                0x000000000800a4c4        0x8 zephyr/drivers/console/libdrivers__console.a(uart_console.c.obj)
 *(SORT_BY_NAME(SORT_BY_ALIGNMENT(.z_init_PRE_KERNEL_1_P_???_*)))
                0x000000000800a4cc                __init_PRE_KERNEL_2_start = .
 *(SORT_BY_NAME(SORT_BY_ALIGNMENT(.z_init_PRE_KERNEL_2_P_?_*)))
 .z_init_PRE_KERNEL_2_P_0_SUB_0_
                0x000000000800a4cc        0x8 zephyr/drivers/timer/libdrivers__timer.a(cortex_m_systick.c.obj)
 *(SORT_BY_NAME(SORT_BY_ALIGNMENT(.z_init_PRE_KERNEL_2_P_??_*)))
 *(SORT_BY_NAME(SORT_BY_ALIGNMENT(.z_init_PRE_KERNEL_2_P_???_*)))
                0x000000000800a4d4                __init_POST_KERNEL_start = .
 *(SORT_BY_NAME(SORT_BY_ALIGNMENT(.z_init_POST_KERNEL_P_?_*)))
 .z_init_POST_KERNEL_P_0_SUB_0_
                0x000000000800a4d4        0x8 zephyr/libzephyr.a(log_core.c.obj)
 *(SORT_BY_NAME(SORT_BY_ALIGNMENT(.z_init_POST_KERNEL_P_??_*)))
 .z_init_POST_KERNEL_P_35_SUB_0_
                0x000000000800a4dc        0x8 zephyr/lib/libc/common/liblib__libc__common.a(malloc.c.obj)
 .z_init_POST_KERNEL_P_50_SUB_00013_
                0x000000000800a4e4        0x8 zephyr/drivers/adc/libdrivers__adc.a(adc_stm32.c.obj)
 .z_init_POST_KERNEL_P_50_SUB_00018_
                0x000000000800a4ec        0x8 zephyr/drivers/i2c/libdrivers__i2c.a(i2c_ll_stm32.c.obj)
 .z_init_POST_KERNEL_P_50_SUB_00022_
                0x000000000800a4f4        0x8 zephyr/drivers/i2c/libdrivers__i2c.a(i2c_ll_stm32.c.obj)
 *(SORT_BY_NAME(SORT_BY_ALIGNMENT(.z_init_POST_KERNEL_P_???_*)))
                0x000000000800a4fc                __init_APPLICATION_start = .
 *(SORT_BY_NAME(SORT_BY_ALIGNMENT(.z_init_APPLICATION_P_?_*)))
 *(SORT_BY_NAME(SORT_BY_ALIGNMENT(.z_init_APPLICATION_P_??_*)))
 *(SORT_BY_NAME(SORT_BY_ALIGNMENT(.z_init_APPLICATION_P_???_*)))
                0x000000000800a4fc                __init_SMP_start = .
 *(SORT_BY_NAME(SORT_BY_ALIGNMENT(.z_init_SMP_P_?_*)))
 *(SORT_BY_NAME(SORT_BY_ALIGNMENT(.z_init_SMP_P_??_*)))
 *(SORT_BY_NAME(SORT_BY_ALIGNMENT(.z_init_SMP_P_???_*)))
                0x000000000800a4fc                __init_end = .

device_area     0x000000000800a4fc      0x180
                0x000000000800a4fc                _device_list_start = .
 *(SORT_BY_NAME(SORT_BY_ALIGNMENT(._device.static.*_?_*)))
 ._device.static.1_1_
                0x000000000800a4fc       0x20 zephyr/drivers/clock_control/libdrivers__clock_control.a(clock_stm32_ll_common.c.obj)
                0x000000000800a4fc                __device_dts_ord_9
 *(SORT_BY_NAME(SORT_BY_ALIGNMENT(._device.static.*_??_*)))
 ._device.static.1_35_
                0x000000000800a51c       0x20 zephyr/drivers/reset/libdrivers__reset.a(reset_stm32.c.obj)
                0x000000000800a51c                __device_dts_ord_57
 ._device.static.1_40_
                0x000000000800a53c       0x20 zephyr/drivers/interrupt_controller/libdrivers__interrupt_controller.a(intc_exti_stm32.c.obj)
                0x000000000800a53c                __device_dts_ord_64
 ._device.static.1_40_
                0x000000000800a55c       0x80 zephyr/drivers/gpio/libdrivers__gpio.a(gpio_stm32.c.obj)
                0x000000000800a55c                __device_dts_ord_94
                0x000000000800a57c                __device_dts_ord_40
                0x000000000800a59c                __device_dts_ord_45
                0x000000000800a5bc                __device_dts_ord_39
 ._device.static.1_50_
                0x000000000800a5dc       0x40 zephyr/drivers/serial/libdrivers__serial.a(uart_stm32.c.obj)
                0x000000000800a5dc                __device_dts_ord_69
                0x000000000800a5fc                __device_dts_ord_71
 ._device.static.3_50_
                0x000000000800a61c       0x20 zephyr/drivers/adc/libdrivers__adc.a(adc_stm32.c.obj)
                0x000000000800a61c                __device_dts_ord_13
 ._device.static.3_50_
                0x000000000800a63c       0x40 zephyr/drivers/i2c/libdrivers__i2c.a(i2c_ll_stm32.c.obj)
                0x000000000800a63c                __device_dts_ord_22
                0x000000000800a65c                __device_dts_ord_18
 *(SORT_BY_NAME(SORT_BY_ALIGNMENT(._device.static.*_???_*)))
 *(SORT_BY_NAME(SORT_BY_ALIGNMENT(._device.static.*_????_*)))
 *(SORT_BY_NAME(SORT_BY_ALIGNMENT(._device.static.*_?????_*)))
                0x000000000800a67c                _device_list_end = .

sw_isr_table    0x000000000800a67c      0x1f0
                0x000000000800a67c                . = ALIGN (0x4)
 *(SORT_BY_ALIGNMENT(.gnu.linkonce.sw_isr_table*))
 .gnu.linkonce.sw_isr_table
                0x000000000800a67c      0x1f0 zephyr/arch/common/libisr_tables.a(isr_tables.c.obj)
                0x000000000800a67c                _sw_isr_table

initlevel_error
                0x000000000800a46c        0x0
 *(SORT_BY_NAME(SORT_BY_ALIGNMENT(.z_init_*)))
                0x0000000000000001                ASSERT ((SIZEOF (initlevel_error) == 0x0), Undefined initialization levels used.)

app_shmem_regions
                0x000000000800a86c        0x0
                0x000000000800a86c                __app_shmem_regions_start = .
 *(SORT_BY_NAME(SORT_BY_ALIGNMENT(.app_regions.*)))
                0x000000000800a86c                __app_shmem_regions_end = .

k_p4wq_initparam_area
                0x000000000800a86c        0x0
                0x000000000800a86c                _k_p4wq_initparam_list_start = .
 *(SORT_BY_NAME(SORT_BY_ALIGNMENT(._k_p4wq_initparam.static.*)))
                0x000000000800a86c                _k_p4wq_initparam_list_end = .

_static_thread_data_area
                0x000000000800a86c        0x0
                0x000000000800a86c                __static_thread_data_list_start = .
 *(SORT_BY_NAME(SORT_BY_ALIGNMENT(.__static_thread_data.static.*)))
                0x000000000800a86c                __static_thread_data_list_end = .

device_deps     0x000000000800a86c        0x0
                0x000000000800a86c                __device_deps_start = .
 *(SORT_BY_NAME(SORT_BY_ALIGNMENT(.__device_deps_pass2*)))
                0x000000000800a86c                __device_deps_end = .

adc_driver_api_area
                0x000000000800a86c        0xc
                0x000000000800a86c                _adc_driver_api_list_start = .
 *(SORT_BY_NAME(SORT_BY_ALIGNMENT(._adc_driver_api.static.*)))
 ._adc_driver_api.static.api_stm32_driver_api_
                0x000000000800a86c        0xc zephyr/drivers/adc/libdrivers__adc.a(adc_stm32.c.obj)
                0x000000000800a878                _adc_driver_api_list_end = .

gpio_driver_api_area
                0x000000000800a878       0x24
                0x000000000800a878                _gpio_driver_api_list_start = .
 *(SORT_BY_NAME(SORT_BY_ALIGNMENT(._gpio_driver_api.static.*)))
 ._gpio_driver_api.static.gpio_stm32_driver_
                0x000000000800a878       0x24 zephyr/drivers/gpio/libdrivers__gpio.a(gpio_stm32.c.obj)
                0x000000000800a89c                _gpio_driver_api_list_end = .

i2c_driver_api_area
                0x000000000800a89c       0x18
                0x000000000800a89c                _i2c_driver_api_list_start = .
 *(SORT_BY_NAME(SORT_BY_ALIGNMENT(._i2c_driver_api.static.*)))
 ._i2c_driver_api.static.api_funcs_
                0x000000000800a89c       0x18 zephyr/drivers/i2c/libdrivers__i2c.a(i2c_ll_stm32.c.obj)
                0x000000000800a8b4                _i2c_driver_api_list_end = .

i2c_target_driver_api_area
                0x000000000800a8b4        0x0
                0x000000000800a8b4                _i2c_target_driver_api_list_start = .
 *(SORT_BY_NAME(SORT_BY_ALIGNMENT(._i2c_target_driver_api.static.*)))
                0x000000000800a8b4                _i2c_target_driver_api_list_end = .

reset_driver_api_area
                0x000000000800a8b4       0x10
                0x000000000800a8b4                _reset_driver_api_list_start = .
 *(SORT_BY_NAME(SORT_BY_ALIGNMENT(._reset_driver_api.static.*)))
 ._reset_driver_api.static.reset_stm32_driver_api_
                0x000000000800a8b4       0x10 zephyr/drivers/reset/libdrivers__reset.a(reset_stm32.c.obj)
                0x000000000800a8c4                _reset_driver_api_list_end = .

shared_irq_driver_api_area
                0x000000000800a8c4        0x0
                0x000000000800a8c4                _shared_irq_driver_api_list_start = .
 *(SORT_BY_NAME(SORT_BY_ALIGNMENT(._shared_irq_driver_api.static.*)))
                0x000000000800a8c4                _shared_irq_driver_api_list_end = .

crypto_driver_api_area
                0x000000000800a8c4        0x0
                0x000000000800a8c4                _crypto_driver_api_list_start = .
 *(SORT_BY_NAME(SORT_BY_ALIGNMENT(._crypto_driver_api.static.*)))
                0x000000000800a8c4                _crypto_driver_api_list_end = .

auxdisplay_driver_api_area
                0x000000000800a8c4        0x0
                0x000000000800a8c4                _auxdisplay_driver_api_list_start = .
 *(SORT_BY_NAME(SORT_BY_ALIGNMENT(._auxdisplay_driver_api.static.*)))
                0x000000000800a8c4                _auxdisplay_driver_api_list_end = .

bbram_driver_api_area
                0x000000000800a8c4        0x0
                0x000000000800a8c4                _bbram_driver_api_list_start = .
 *(SORT_BY_NAME(SORT_BY_ALIGNMENT(._bbram_driver_api.static.*)))
                0x000000000800a8c4                _bbram_driver_api_list_end = .

bt_hci_driver_api_area
                0x000000000800a8c4        0x0
                0x000000000800a8c4                _bt_hci_driver_api_list_start = .
 *(SORT_BY_NAME(SORT_BY_ALIGNMENT(._bt_hci_driver_api.static.*)))
                0x000000000800a8c4                _bt_hci_driver_api_list_end = .

can_driver_api_area
                0x000000000800a8c4        0x0
                0x000000000800a8c4                _can_driver_api_list_start = .
 *(SORT_BY_NAME(SORT_BY_ALIGNMENT(._can_driver_api.static.*)))
                0x000000000800a8c4                _can_driver_api_list_end = .

cellular_driver_api_area
                0x000000000800a8c4        0x0
                0x000000000800a8c4                _cellular_driver_api_list_start = .
 *(SORT_BY_NAME(SORT_BY_ALIGNMENT(._cellular_driver_api.static.*)))
                0x000000000800a8c4                _cellular_driver_api_list_end = .

charger_driver_api_area
                0x000000000800a8c4        0x0
                0x000000000800a8c4                _charger_driver_api_list_start = .
 *(SORT_BY_NAME(SORT_BY_ALIGNMENT(._charger_driver_api.static.*)))
                0x000000000800a8c4                _charger_driver_api_list_end = .

clock_control_driver_api_area
                0x000000000800a8c4       0x1c
                0x000000000800a8c4                _clock_control_driver_api_list_start = .
 *(SORT_BY_NAME(SORT_BY_ALIGNMENT(._clock_control_driver_api.static.*)))
 ._clock_control_driver_api.static.stm32_clock_control_api_
                0x000000000800a8c4       0x1c zephyr/drivers/clock_control/libdrivers__clock_control.a(clock_stm32_ll_common.c.obj)
                0x000000000800a8e0                _clock_control_driver_api_list_end = .

comparator_driver_api_area
                0x000000000800a8e0        0x0
                0x000000000800a8e0                _comparator_driver_api_list_start = .
 *(SORT_BY_NAME(SORT_BY_ALIGNMENT(._comparator_driver_api.static.*)))
                0x000000000800a8e0                _comparator_driver_api_list_end = .

coredump_driver_api_area
                0x000000000800a8e0        0x0
                0x000000000800a8e0                _coredump_driver_api_list_start = .
 *(SORT_BY_NAME(SORT_BY_ALIGNMENT(._coredump_driver_api.static.*)))
                0x000000000800a8e0                _coredump_driver_api_list_end = .

counter_driver_api_area
                0x000000000800a8e0        0x0
                0x000000000800a8e0                _counter_driver_api_list_start = .
 *(SORT_BY_NAME(SORT_BY_ALIGNMENT(._counter_driver_api.static.*)))
                0x000000000800a8e0                _counter_driver_api_list_end = .

crc_driver_api_area
                0x000000000800a8e0        0x0
                0x000000000800a8e0                _crc_driver_api_list_start = .
 *(SORT_BY_NAME(SORT_BY_ALIGNMENT(._crc_driver_api.static.*)))
                0x000000000800a8e0                _crc_driver_api_list_end = .

dac_driver_api_area
                0x000000000800a8e0        0x0
                0x000000000800a8e0                _dac_driver_api_list_start = .
 *(SORT_BY_NAME(SORT_BY_ALIGNMENT(._dac_driver_api.static.*)))
                0x000000000800a8e0                _dac_driver_api_list_end = .

dai_driver_api_area
                0x000000000800a8e0        0x0
                0x000000000800a8e0                _dai_driver_api_list_start = .
 *(SORT_BY_NAME(SORT_BY_ALIGNMENT(._dai_driver_api.static.*)))
                0x000000000800a8e0                _dai_driver_api_list_end = .

display_driver_api_area
                0x000000000800a8e0        0x0
                0x000000000800a8e0                _display_driver_api_list_start = .
 *(SORT_BY_NAME(SORT_BY_ALIGNMENT(._display_driver_api.static.*)))
                0x000000000800a8e0                _display_driver_api_list_end = .

dma_driver_api_area
                0x000000000800a8e0        0x0
                0x000000000800a8e0                _dma_driver_api_list_start = .
 *(SORT_BY_NAME(SORT_BY_ALIGNMENT(._dma_driver_api.static.*)))
                0x000000000800a8e0                _dma_driver_api_list_end = .

edac_driver_api_area
                0x000000000800a8e0        0x0
                0x000000000800a8e0                _edac_driver_api_list_start = .
 *(SORT_BY_NAME(SORT_BY_ALIGNMENT(._edac_driver_api.static.*)))
                0x000000000800a8e0                _edac_driver_api_list_end = .

eeprom_driver_api_area
                0x000000000800a8e0        0x0
                0x000000000800a8e0                _eeprom_driver_api_list_start = .
 *(SORT_BY_NAME(SORT_BY_ALIGNMENT(._eeprom_driver_api.static.*)))
                0x000000000800a8e0                _eeprom_driver_api_list_end = .

emul_bbram_driver_api_area
                0x000000000800a8e0        0x0
                0x000000000800a8e0                _emul_bbram_driver_api_list_start = .
 *(SORT_BY_NAME(SORT_BY_ALIGNMENT(._emul_bbram_driver_api.static.*)))
                0x000000000800a8e0                _emul_bbram_driver_api_list_end = .

fuel_gauge_emul_driver_api_area
                0x000000000800a8e0        0x0
                0x000000000800a8e0                _fuel_gauge_emul_driver_api_list_start = .
 *(SORT_BY_NAME(SORT_BY_ALIGNMENT(._fuel_gauge_emul_driver_api.static.*)))
                0x000000000800a8e0                _fuel_gauge_emul_driver_api_list_end = .

emul_sensor_driver_api_area
                0x000000000800a8e0        0x0
                0x000000000800a8e0                _emul_sensor_driver_api_list_start = .
 *(SORT_BY_NAME(SORT_BY_ALIGNMENT(._emul_sensor_driver_api.static.*)))
                0x000000000800a8e0                _emul_sensor_driver_api_list_end = .

entropy_driver_api_area
                0x000000000800a8e0        0x0
                0x000000000800a8e0                _entropy_driver_api_list_start = .
 *(SORT_BY_NAME(SORT_BY_ALIGNMENT(._entropy_driver_api.static.*)))
                0x000000000800a8e0                _entropy_driver_api_list_end = .

espi_driver_api_area
                0x000000000800a8e0        0x0
                0x000000000800a8e0                _espi_driver_api_list_start = .
 *(SORT_BY_NAME(SORT_BY_ALIGNMENT(._espi_driver_api.static.*)))
                0x000000000800a8e0                _espi_driver_api_list_end = .

espi_saf_driver_api_area
                0x000000000800a8e0        0x0
                0x000000000800a8e0                _espi_saf_driver_api_list_start = .
 *(SORT_BY_NAME(SORT_BY_ALIGNMENT(._espi_saf_driver_api.static.*)))
                0x000000000800a8e0                _espi_saf_driver_api_list_end = .

flash_driver_api_area
                0x000000000800a8e0        0x0
                0x000000000800a8e0                _flash_driver_api_list_start = .
 *(SORT_BY_NAME(SORT_BY_ALIGNMENT(._flash_driver_api.static.*)))
                0x000000000800a8e0                _flash_driver_api_list_end = .

fpga_driver_api_area
                0x000000000800a8e0        0x0
                0x000000000800a8e0                _fpga_driver_api_list_start = .
 *(SORT_BY_NAME(SORT_BY_ALIGNMENT(._fpga_driver_api.static.*)))
                0x000000000800a8e0                _fpga_driver_api_list_end = .

fuel_gauge_driver_api_area
                0x000000000800a8e0        0x0
                0x000000000800a8e0                _fuel_gauge_driver_api_list_start = .